#! /usr/bin/vvp
:ivl_version "12.0 (stable)";
:ivl_delay_selection "TYPICAL";
:vpi_time_precision - 12;
:vpi_module "/usr/lib/x86_64-linux-gnu/ivl/system.vpi";
:vpi_module "/usr/lib/x86_64-linux-gnu/ivl/vhdl_sys.vpi";
:vpi_module "/usr/lib/x86_64-linux-gnu/ivl/vhdl_textio.vpi";
:vpi_module "/usr/lib/x86_64-linux-gnu/ivl/v2005_math.vpi";
:vpi_module "/usr/lib/x86_64-linux-gnu/ivl/va_math.vpi";
:vpi_module "/usr/lib/x86_64-linux-gnu/ivl/v2009.vpi";
S_0x5860e8851540 .scope package, "$unit" "$unit" 2 1;
 .timescale 0 0;
S_0x5860e8949c30 .scope module, "tb_video" "tb_video" 3 3;
 .timescale -9 -12;
v0x5860e8974bb0_0 .net "b", 0 0, L_0x5860e8987bc0;  1 drivers
v0x5860e8974cc0_0 .var "clk_50", 0 0;
v0x5860e8974d80_0 .var/i "completed_frames", 31 0;
v0x5860e8974e20_0 .var/i "first_frame_white", 31 0;
v0x5860e8974f00_0 .net "g", 0 0, L_0x5860e8987ad0;  1 drivers
v0x5860e8975040_0 .var/i "hsync_edges", 31 0;
v0x5860e8975120_0 .var "ps2_clk", 0 0;
v0x5860e8975210_0 .var "ps2_data", 0 0;
v0x5860e8975300_0 .net "r", 0 0, L_0x5860e8987a30;  1 drivers
v0x5860e89753a0_0 .var "reset_key1_n", 0 0;
v0x5860e8975440_0 .var "reset_n", 0 0;
v0x5860e89754e0_0 .var/i "second_frame_white", 31 0;
v0x5860e8975580_0 .net "status_led", 0 0, L_0x5860e8989040;  1 drivers
v0x5860e8975620_0 .net "vga_hsync", 0 0, v0x5860e8971b50_0;  1 drivers
v0x5860e8975710_0 .net "vga_vsync", 0 0, v0x5860e8971f70_0;  1 drivers
v0x5860e8975800_0 .var/i "vsync_edges", 31 0;
v0x5860e89758c0_0 .var/i "white_pixels", 31 0;
E_0x5860e8884d40 .event negedge, v0x5860e8971f70_0;
E_0x5860e8886960 .event negedge, v0x5860e8971b50_0;
S_0x5860e894ac60 .scope module, "dut" "top" 3 24, 4 3 0, S_0x5860e8949c30;
 .timescale -9 -12;
    .port_info 0 /INPUT 1 "clk_50";
    .port_info 1 /INPUT 1 "reset_n";
    .port_info 2 /INPUT 1 "reset_key1_n";
    .port_info 3 /INPUT 1 "ps2_clk";
    .port_info 4 /INPUT 1 "ps2_data";
    .port_info 5 /OUTPUT 1 "r";
    .port_info 6 /OUTPUT 1 "g";
    .port_info 7 /OUTPUT 1 "b";
    .port_info 8 /OUTPUT 1 "vga_hsync";
    .port_info 9 /OUTPUT 1 "vga_vsync";
    .port_info 10 /OUTPUT 1 "status_led";
    .port_info 11 /OUTPUT 1 "buzzer";
P_0x5860e894bce0 .param/l "BUZZER_FREQUENCY_HZ" 0 4 5, +C4<00000000000000000000001111101000>;
P_0x5860e894bd20 .param/l "BUZZER_HALF_PERIOD_CYCLES" 1 4 55, +C4<00000000000000000110000110101000>;
P_0x5860e894bd60 .param/l "CPU_INSTRUCTIONS_PER_SECOND" 0 4 4, +C4<00000000000000000000001010111100>;
P_0x5860e894bda0 .param/l "CPU_TICK_CYCLES" 1 4 24, +C4<00000000000000010001011100000100>;
L_0x5860e8908b10 .functor AND 1, v0x5860e8975440_0, v0x5860e89753a0_0, C4<1>, C4<1>;
L_0x5860e8989040 .functor BUFZ 1, v0x5860e89735b0_0, C4<0>, C4<0>, C4<0>;
L_0x5860e8989100 .functor BUFZ 1, v0x5860e8972410_0, C4<0>, C4<0>, C4<0>;
v0x5860e8972190_0 .net "b", 0 0, L_0x5860e8987bc0;  alias, 1 drivers
v0x5860e8972280_0 .net "buzzer", 0 0, L_0x5860e8989100;  1 drivers
v0x5860e8972320_0 .var/i "buzzer_count", 31 0;
v0x5860e8972410_0 .var "buzzer_level", 0 0;
v0x5860e89724d0_0 .net "chip8_keys", 15 0, v0x5860e896b160_0;  1 drivers
v0x5860e8972630_0 .net "chip_x", 5 0, L_0x5860e89886f0;  1 drivers
v0x5860e8972740_0 .net "chip_y", 4 0, L_0x5860e8988990;  1 drivers
v0x5860e8972850_0 .net "clk_50", 0 0, v0x5860e8974cc0_0;  1 drivers
v0x5860e8972a00_0 .net "display_busy", 0 0, L_0x5860e8986d30;  1 drivers
v0x5860e8972aa0_0 .net "display_clear", 0 0, v0x5860e891a950_0;  1 drivers
v0x5860e8972b90_0 .net "display_collision", 0 0, v0x5860e89694f0_0;  1 drivers
v0x5860e8972c80_0 .net "display_draw", 0 0, v0x5860e8965bd0_0;  1 drivers
v0x5860e8972d70_0 .net "display_sprite", 7 0, v0x5860e8965c90_0;  1 drivers
v0x5860e8972e80_0 .net "display_x", 5 0, v0x5860e8965d70_0;  1 drivers
v0x5860e8972f90_0 .net "display_y", 4 0, v0x5860e8965e50_0;  1 drivers
v0x5860e89730a0_0 .net "frame_start", 0 0, L_0x5860e886b7e0;  1 drivers
v0x5860e8973140_0 .net "framebuffer_pixel", 0 0, L_0x5860e8986df0;  1 drivers
v0x5860e8973340_0 .net "g", 0 0, L_0x5860e8987ad0;  alias, 1 drivers
v0x5860e89733e0_0 .net "hcount", 9 0, v0x5860e8971a90_0;  1 drivers
v0x5860e89734d0_0 .var "heartbeat_count", 24 0;
v0x5860e89735b0_0 .var "heartbeat_led", 0 0;
v0x5860e8973670_0 .var "instruction_rate_count", 25 0;
v0x5860e8973750_0 .var "instruction_tick", 0 0;
v0x5860e89737f0_0 .net "line_start", 0 0, L_0x5860e89869b0;  1 drivers
v0x5860e89738e0_0 .net "memory_address", 11 0, L_0x5860e8986b60;  1 drivers
v0x5860e89739d0_0 .net "memory_data", 7 0, L_0x5860e8986bd0;  1 drivers
v0x5860e8973ae0_0 .net "memory_write_address", 11 0, v0x5860e8966bf0_0;  1 drivers
v0x5860e8973bf0_0 .net "memory_write_data", 7 0, v0x5860e8966cd0_0;  1 drivers
v0x5860e8973d00_0 .net "memory_write_enable", 0 0, v0x5860e8966db0_0;  1 drivers
v0x5860e8973df0_0 .net "pixel_tick", 0 0, v0x5860e896d520_0;  1 drivers
v0x5860e8973e90_0 .net "ps2_clk", 0 0, v0x5860e8975120_0;  1 drivers
v0x5860e8973f30_0 .net "ps2_data", 0 0, v0x5860e8975210_0;  1 drivers
v0x5860e8973fd0_0 .net "ps2_scancode", 7 0, v0x5860e896c260_0;  1 drivers
v0x5860e8974280_0 .net "ps2_scancode_valid", 0 0, v0x5860e896c320_0;  1 drivers
v0x5860e8974370_0 .net "r", 0 0, L_0x5860e8987a30;  alias, 1 drivers
v0x5860e8974410_0 .net "reset_key1_n", 0 0, v0x5860e89753a0_0;  1 drivers
v0x5860e89744b0_0 .net "reset_n", 0 0, v0x5860e8975440_0;  1 drivers
v0x5860e8974550_0 .net "sound_active", 0 0, L_0x5860e8986a20;  1 drivers
v0x5860e89745f0_0 .net "status_led", 0 0, L_0x5860e8989040;  alias, 1 drivers
v0x5860e8974690_0 .net "system_reset_n", 0 0, L_0x5860e8908b10;  1 drivers
v0x5860e8974730_0 .net "vcount", 9 0, v0x5860e8971dd0_0;  1 drivers
v0x5860e8974840_0 .net "vga_hsync", 0 0, v0x5860e8971b50_0;  alias, 1 drivers
v0x5860e89748e0_0 .net "vga_vsync", 0 0, v0x5860e8971f70_0;  alias, 1 drivers
v0x5860e8974980_0 .net "video_active", 0 0, L_0x5860e8919950;  1 drivers
S_0x5860e8943e70 .scope module, "cpu" "chip8_cpu" 4 156, 5 1 0, S_0x5860e894ac60;
 .timescale -9 -12;
    .port_info 0 /INPUT 1 "clk";
    .port_info 1 /INPUT 1 "rst";
    .port_info 2 /INPUT 1 "instruction_tick";
    .port_info 3 /INPUT 16 "keys";
    .port_info 4 /INPUT 8 "mem_read_data";
    .port_info 5 /OUTPUT 12 "mem_read_addr";
    .port_info 6 /OUTPUT 1 "mem_write_enable";
    .port_info 7 /OUTPUT 12 "mem_write_addr";
    .port_info 8 /OUTPUT 8 "mem_write_data";
    .port_info 9 /INPUT 1 "display_collision";
    .port_info 10 /INPUT 1 "display_busy";
    .port_info 11 /OUTPUT 1 "display_draw";
    .port_info 12 /OUTPUT 6 "display_x";
    .port_info 13 /OUTPUT 5 "display_y";
    .port_info 14 /OUTPUT 8 "display_sprite";
    .port_info 15 /OUTPUT 1 "display_clear";
    .port_info 16 /OUTPUT 1 "sound_active";
P_0x5860e88be690 .param/l "CLEAR_ISSUE" 1 5 41, C4<1011>;
P_0x5860e88be6d0 .param/l "CLEAR_WAIT" 1 5 42, C4<1100>;
P_0x5860e88be710 .param/l "DRAW_CAPTURE" 1 5 37, C4<0111>;
P_0x5860e88be750 .param/l "DRAW_COMPLETE" 1 5 40, C4<1010>;
P_0x5860e88be790 .param/l "DRAW_FINISH" 1 5 39, C4<1001>;
P_0x5860e88be7d0 .param/l "DRAW_ISSUE" 1 5 38, C4<1000>;
P_0x5860e88be810 .param/l "DRAW_WAIT" 1 5 36, C4<0110>;
P_0x5860e88be850 .param/l "EXECUTE" 1 5 35, C4<0101>;
P_0x5860e88be890 .param/l "FETCH_HI_CAPTURE" 1 5 32, C4<0010>;
P_0x5860e88be8d0 .param/l "FETCH_HI_REQ" 1 5 30, C4<0000>;
P_0x5860e88be910 .param/l "FETCH_HI_WAIT" 1 5 31, C4<0001>;
P_0x5860e88be950 .param/l "FETCH_LO_CAPTURE" 1 5 34, C4<0100>;
P_0x5860e88be990 .param/l "FETCH_LO_WAIT" 1 5 33, C4<0011>;
P_0x5860e88be9d0 .param/l "LOAD_REGS_CAPTURE" 1 5 45, C4<1111>;
P_0x5860e88bea10 .param/l "LOAD_REGS_WAIT" 1 5 44, C4<1110>;
P_0x5860e88bea50 .param/l "STORE_REGS" 1 5 43, C4<1101>;
L_0x5860e8986b60 .functor BUFZ 12, v0x5860e8966950_0, C4<000000000000>, C4<000000000000>, C4<000000000000>;
v0x5860e8939870_0 .var "I", 11 0;
v0x5860e893f4b0 .array "V", 15 0, 7 0;
L_0x78d7bebb72e8 .functor BUFT 1, C4<00000000>, C4<0>, C4<0>, C4<0>;
v0x5860e893f550_0 .net/2u *"_ivl_0", 7 0, L_0x78d7bebb72e8;  1 drivers
v0x5860e8919af0_0 .net "clk", 0 0, v0x5860e8974cc0_0;  alias, 1 drivers
v0x5860e8919b90_0 .var "delay_timer", 7 0;
v0x5860e891a8b0_0 .net "display_busy", 0 0, L_0x5860e8986d30;  alias, 1 drivers
v0x5860e891a950_0 .var "display_clear", 0 0;
v0x5860e8965b10_0 .net "display_collision", 0 0, v0x5860e89694f0_0;  alias, 1 drivers
v0x5860e8965bd0_0 .var "display_draw", 0 0;
v0x5860e8965c90_0 .var "display_sprite", 7 0;
v0x5860e8965d70_0 .var "display_x", 5 0;
v0x5860e8965e50_0 .var "display_y", 4 0;
v0x5860e8965f30_0 .var "draw_collision_accum", 0 0;
v0x5860e8965ff0_0 .var "draw_height", 3 0;
v0x5860e89660d0_0 .var "draw_row", 3 0;
v0x5860e89661b0_0 .var "draw_x_reg", 5 0;
v0x5860e8966290_0 .var "draw_y_reg", 4 0;
v0x5860e8966370_0 .var/i "init_index", 31 0;
v0x5860e8966450_0 .net "instruction_tick", 0 0, v0x5860e8973750_0;  1 drivers
v0x5860e8966510_0 .var "ir", 15 0;
v0x5860e89665f0_0 .var/i "key_index", 31 0;
v0x5860e89666d0_0 .var "key_is_pressed", 0 0;
v0x5860e8966790_0 .net "keys", 15 0, v0x5860e896b160_0;  alias, 1 drivers
v0x5860e8966870_0 .var "lfsr", 7 0;
v0x5860e8966950_0 .var "mem_addr", 11 0;
v0x5860e8966a30_0 .net "mem_read_addr", 11 0, L_0x5860e8986b60;  alias, 1 drivers
v0x5860e8966b10_0 .net "mem_read_data", 7 0, L_0x5860e8986bd0;  alias, 1 drivers
v0x5860e8966bf0_0 .var "mem_write_addr", 11 0;
v0x5860e8966cd0_0 .var "mem_write_data", 7 0;
v0x5860e8966db0_0 .var "mem_write_enable", 0 0;
v0x5860e8966e70_0 .var "opcode_hi", 7 0;
v0x5860e8966f50_0 .var "opcode_lo", 7 0;
v0x5860e8967030_0 .var "pc", 11 0;
v0x5860e8967110_0 .var "pressed_key", 3 0;
v0x5860e89671f0_0 .net "rst", 0 0, L_0x5860e8908b10;  alias, 1 drivers
v0x5860e89672b0_0 .net "sound_active", 0 0, L_0x5860e8986a20;  alias, 1 drivers
v0x5860e8967370_0 .var "sound_timer", 7 0;
v0x5860e8967450_0 .var "sp", 3 0;
v0x5860e8967530 .array "stack", 15 0, 11 0;
v0x5860e89675f0_0 .var "state", 3 0;
v0x5860e89676d0_0 .var "sum_temp", 8 0;
v0x5860e89677b0_0 .var "timer_div", 19 0;
v0x5860e8967890_0 .var "timer_tick", 0 0;
v0x5860e8967950_0 .var "transfer_index", 3 0;
v0x5860e8967a30_0 .var "transfer_last", 3 0;
E_0x5860e8886cd0/0 .event negedge, v0x5860e89671f0_0;
E_0x5860e8886cd0/1 .event posedge, v0x5860e8919af0_0;
E_0x5860e8886cd0 .event/or E_0x5860e8886cd0/0, E_0x5860e8886cd0/1;
E_0x5860e884cc10 .event anyedge, v0x5860e89666d0_0, v0x5860e8966790_0;
L_0x5860e8986a20 .cmp/ne 8, v0x5860e8967370_0, L_0x78d7bebb72e8;
S_0x5860e8967d30 .scope module, "framebuffer" "display" 4 185, 6 1 0, S_0x5860e894ac60;
 .timescale -9 -12;
    .port_info 0 /INPUT 1 "clk";
    .port_info 1 /INPUT 1 "rst";
    .port_info 2 /INPUT 1 "tick_25MHz";
    .port_info 3 /INPUT 1 "frame_start";
    .port_info 4 /INPUT 6 "chip_x";
    .port_info 5 /INPUT 5 "chip_y";
    .port_info 6 /INPUT 1 "clear";
    .port_info 7 /INPUT 1 "draw";
    .port_info 8 /INPUT 6 "draw_x";
    .port_info 9 /INPUT 5 "draw_y";
    .port_info 10 /INPUT 8 "draw_sprite";
    .port_info 11 /OUTPUT 1 "busy";
    .port_info 12 /OUTPUT 1 "collision";
    .port_info 13 /OUTPUT 1 "pixel_on";
P_0x5860e8967ee0 .param/l "DRAW_IDLE" 1 6 37, C4<00>;
P_0x5860e8967f20 .param/l "DRAW_READ" 1 6 38, C4<01>;
P_0x5860e8967f60 .param/l "DRAW_WRITE" 1 6 39, C4<10>;
L_0x5860e8986d30 .functor OR 1, v0x5860e8969360_0, L_0x5860e8986c40, C4<0>, C4<0>;
L_0x78d7bebb7330 .functor BUFT 1, C4<00>, C4<0>, C4<0>, C4<0>;
v0x5860e8968320_0 .net/2u *"_ivl_0", 1 0, L_0x78d7bebb7330;  1 drivers
v0x5860e8968420_0 .net *"_ivl_10", 6 0, L_0x5860e8986f30;  1 drivers
L_0x78d7bebb7378 .functor BUFT 1, C4<00>, C4<0>, C4<0>, C4<0>;
v0x5860e8968500_0 .net *"_ivl_13", 1 0, L_0x78d7bebb7378;  1 drivers
v0x5860e89685c0_0 .net *"_ivl_14", 63 0, L_0x5860e8987070;  1 drivers
v0x5860e89686a0_0 .net *"_ivl_16", 6 0, L_0x5860e8987110;  1 drivers
L_0x78d7bebb73c0 .functor BUFT 1, C4<00>, C4<0>, C4<0>, C4<0>;
v0x5860e89687d0_0 .net *"_ivl_19", 1 0, L_0x78d7bebb73c0;  1 drivers
v0x5860e89688b0_0 .net *"_ivl_2", 0 0, L_0x5860e8986c40;  1 drivers
v0x5860e8968970_0 .net *"_ivl_22", 63 0, L_0x5860e8987410;  1 drivers
v0x5860e8968a50_0 .net *"_ivl_24", 6 0, L_0x5860e8987500;  1 drivers
L_0x78d7bebb7408 .functor BUFT 1, C4<00>, C4<0>, C4<0>, C4<0>;
v0x5860e8968b30_0 .net *"_ivl_27", 1 0, L_0x78d7bebb7408;  1 drivers
v0x5860e8968c10_0 .net *"_ivl_28", 63 0, L_0x5860e8987640;  1 drivers
v0x5860e8968cf0_0 .net *"_ivl_30", 6 0, L_0x5860e8987740;  1 drivers
L_0x78d7bebb7450 .functor BUFT 1, C4<00>, C4<0>, C4<0>, C4<0>;
v0x5860e8968dd0_0 .net *"_ivl_33", 1 0, L_0x78d7bebb7450;  1 drivers
v0x5860e8968eb0_0 .net *"_ivl_8", 63 0, L_0x5860e8986e90;  1 drivers
v0x5860e8968f90_0 .net "busy", 0 0, L_0x5860e8986d30;  alias, 1 drivers
v0x5860e8969030_0 .net "chip_x", 5 0, L_0x5860e89886f0;  alias, 1 drivers
v0x5860e89690f0_0 .net "chip_y", 4 0, L_0x5860e8988990;  alias, 1 drivers
v0x5860e89691d0_0 .net "clear", 0 0, v0x5860e891a950_0;  alias, 1 drivers
v0x5860e89692a0_0 .var "clear_y", 4 0;
v0x5860e8969360_0 .var "clearing", 0 0;
v0x5860e8969420_0 .net "clk", 0 0, v0x5860e8974cc0_0;  alias, 1 drivers
v0x5860e89694f0_0 .var "collision", 0 0;
v0x5860e89695c0_0 .var "cpu_buffer_select", 0 0;
v0x5860e8969660_0 .net "cpu_row_data", 63 0, L_0x5860e8987880;  1 drivers
v0x5860e8969720_0 .net "draw", 0 0, v0x5860e8965bd0_0;  alias, 1 drivers
v0x5860e89697f0_0 .var "draw_mask_latched", 63 0;
v0x5860e89698b0_0 .net "draw_sprite", 7 0, v0x5860e8965c90_0;  alias, 1 drivers
v0x5860e89699a0_0 .var "draw_state", 1 0;
v0x5860e8969a60_0 .net "draw_x", 5 0, v0x5860e8965d70_0;  alias, 1 drivers
v0x5860e8969b50_0 .net "draw_y", 4 0, v0x5860e8965e50_0;  alias, 1 drivers
v0x5860e8969c20_0 .var "draw_y_latched", 4 0;
v0x5860e8969ce0_0 .net "frame_start", 0 0, L_0x5860e886b7e0;  alias, 1 drivers
v0x5860e8969da0 .array "framebuffer_a", 31 0, 63 0;
v0x5860e896a070 .array "framebuffer_b", 31 0, 63 0;
v0x5860e896a130_0 .var/i "i", 31 0;
v0x5860e896a210_0 .var "next_draw_mask", 63 0;
v0x5860e896a2f0_0 .var "op_addr", 4 0;
v0x5860e896a3d0_0 .var "op_read_data", 63 0;
v0x5860e896a4b0_0 .var "op_write_data", 63 0;
v0x5860e896a590_0 .var "op_write_enable", 0 0;
v0x5860e896a650_0 .net "pixel_on", 0 0, L_0x5860e8986df0;  alias, 1 drivers
v0x5860e896a710_0 .var "pixel_row", 63 0;
v0x5860e896a7f0_0 .var "pixel_x", 5 0;
v0x5860e896a8d0_0 .net "rst", 0 0, L_0x5860e8908b10;  alias, 1 drivers
v0x5860e896a9a0_0 .net "tick_25MHz", 0 0, v0x5860e896d520_0;  alias, 1 drivers
v0x5860e896aa40_0 .var "vga_buffer_select", 0 0;
v0x5860e896ab00_0 .net "vga_row_data", 63 0, L_0x5860e89872d0;  1 drivers
E_0x5860e8950560/0 .event anyedge, v0x5860e8969c20_0, v0x5860e8969360_0, v0x5860e89692a0_0, v0x5860e89699a0_0;
E_0x5860e8950560/1 .event anyedge, v0x5860e896a3d0_0, v0x5860e89697f0_0;
E_0x5860e8950560 .event/or E_0x5860e8950560/0, E_0x5860e8950560/1;
E_0x5860e8950740 .event anyedge, v0x5860e8965d70_0, v0x5860e8965c90_0;
E_0x5860e89682c0 .event posedge, v0x5860e8919af0_0;
L_0x5860e8986c40 .cmp/ne 2, v0x5860e89699a0_0, L_0x78d7bebb7330;
L_0x5860e8986df0 .part/v v0x5860e896a710_0, v0x5860e896a7f0_0, 1;
L_0x5860e8986e90 .array/port v0x5860e896a070, L_0x5860e8986f30;
L_0x5860e8986f30 .concat [ 5 2 0 0], L_0x5860e8988990, L_0x78d7bebb7378;
L_0x5860e8987070 .array/port v0x5860e8969da0, L_0x5860e8987110;
L_0x5860e8987110 .concat [ 5 2 0 0], L_0x5860e8988990, L_0x78d7bebb73c0;
L_0x5860e89872d0 .functor MUXZ 64, L_0x5860e8987070, L_0x5860e8986e90, v0x5860e896aa40_0, C4<>;
L_0x5860e8987410 .array/port v0x5860e896a070, L_0x5860e8987500;
L_0x5860e8987500 .concat [ 5 2 0 0], v0x5860e896a2f0_0, L_0x78d7bebb7408;
L_0x5860e8987640 .array/port v0x5860e8969da0, L_0x5860e8987740;
L_0x5860e8987740 .concat [ 5 2 0 0], v0x5860e896a2f0_0, L_0x78d7bebb7450;
L_0x5860e8987880 .functor MUXZ 64, L_0x5860e8987640, L_0x5860e8987410, v0x5860e89695c0_0, C4<>;
S_0x5860e896ada0 .scope module, "keyboard_decoder" "ps2_decoder" 4 90, 7 6 0, S_0x5860e894ac60;
 .timescale -9 -12;
    .port_info 0 /INPUT 1 "clk";
    .port_info 1 /INPUT 1 "rst";
    .port_info 2 /INPUT 8 "scancode";
    .port_info 3 /INPUT 1 "scancode_valid";
    .port_info 4 /OUTPUT 16 "keys";
v0x5860e896af90_0 .var "break_code", 0 0;
v0x5860e896b050_0 .net "clk", 0 0, v0x5860e8974cc0_0;  alias, 1 drivers
v0x5860e896b160_0 .var "keys", 15 0;
v0x5860e896b230_0 .net "rst", 0 0, L_0x5860e8908b10;  alias, 1 drivers
v0x5860e896b320_0 .net "scancode", 7 0, v0x5860e896c260_0;  alias, 1 drivers
v0x5860e896b410_0 .net "scancode_valid", 0 0, v0x5860e896c320_0;  alias, 1 drivers
S_0x5860e896b570 .scope module, "keyboard_receiver" "ps2_receiver" 4 81, 8 6 0, S_0x5860e894ac60;
 .timescale -9 -12;
    .port_info 0 /INPUT 1 "clk";
    .port_info 1 /INPUT 1 "rst";
    .port_info 2 /INPUT 1 "ps2_clk";
    .port_info 3 /INPUT 1 "ps2_data";
    .port_info 4 /OUTPUT 8 "scancode";
    .port_info 5 /OUTPUT 1 "scancode_valid";
L_0x5860e8939750 .functor NOT 1, v0x5860e896bec0_0, C4<0>, C4<0>, C4<0>;
L_0x5860e893f390 .functor AND 1, v0x5860e896be00_0, L_0x5860e8939750, C4<1>, C4<1>;
v0x5860e896b830_0 .net *"_ivl_0", 0 0, L_0x5860e8939750;  1 drivers
v0x5860e896b930_0 .var "bit_count", 3 0;
v0x5860e896ba10_0 .net "clk", 0 0, v0x5860e8974cc0_0;  alias, 1 drivers
v0x5860e896bab0_0 .var "frame_timeout", 15 0;
v0x5860e896bb70_0 .net "ps2_clk", 0 0, v0x5860e8975120_0;  alias, 1 drivers
v0x5860e896bc80_0 .net "ps2_clk_falling", 0 0, L_0x5860e893f390;  1 drivers
v0x5860e896bd40_0 .var "ps2_clk_meta", 0 0;
v0x5860e896be00_0 .var "ps2_clk_prev", 0 0;
v0x5860e896bec0_0 .var "ps2_clk_sync", 0 0;
v0x5860e896bf80_0 .net "ps2_data", 0 0, v0x5860e8975210_0;  alias, 1 drivers
v0x5860e896c040_0 .var "ps2_data_meta", 0 0;
v0x5860e896c100_0 .var "ps2_data_sync", 0 0;
v0x5860e896c1c0_0 .net "rst", 0 0, L_0x5860e8908b10;  alias, 1 drivers
v0x5860e896c260_0 .var "scancode", 7 0;
v0x5860e896c320_0 .var "scancode_valid", 0 0;
v0x5860e896c3c0_0 .var "shift_reg", 10 0;
S_0x5860e896c560 .scope module, "memory" "chip8_memory" 4 176, 9 14 0, S_0x5860e894ac60;
 .timescale -9 -12;
    .port_info 0 /INPUT 1 "clk";
    .port_info 1 /INPUT 12 "read_addr";
    .port_info 2 /OUTPUT 8 "read_data";
    .port_info 3 /INPUT 1 "write_enable";
    .port_info 4 /INPUT 12 "write_addr";
    .port_info 5 /INPUT 8 "write_data";
P_0x5860e896c740 .param/str "ROM_FILE" 0 9 15, "roms/rom.hex";
L_0x5860e8986bd0 .functor BUFZ 8, v0x5860e896cc70_0, C4<00000000>, C4<00000000>, C4<00000000>;
v0x5860e896c8a0_0 .net "clk", 0 0, v0x5860e8974cc0_0;  alias, 1 drivers
v0x5860e896c960_0 .var/i "init_address", 31 0;
v0x5860e896ca40 .array "mem", 4095 0, 7 0;
v0x5860e896cae0_0 .net "read_addr", 11 0, L_0x5860e8986b60;  alias, 1 drivers
v0x5860e896cbd0_0 .net "read_data", 7 0, L_0x5860e8986bd0;  alias, 1 drivers
v0x5860e896cc70_0 .var "read_data_reg", 7 0;
v0x5860e896cd30_0 .net "write_addr", 11 0, v0x5860e8966bf0_0;  alias, 1 drivers
v0x5860e896ce20_0 .net "write_data", 7 0, v0x5860e8966cd0_0;  alias, 1 drivers
v0x5860e896cef0_0 .net "write_enable", 0 0, v0x5860e8966db0_0;  alias, 1 drivers
S_0x5860e896d110 .scope module, "pixel_enable" "freq_div" 4 137, 10 1 0, S_0x5860e894ac60;
 .timescale -9 -12;
    .port_info 0 /INPUT 1 "clk";
    .port_info 1 /INPUT 1 "rst";
    .port_info 2 /OUTPUT 1 "tick_25MHZ";
v0x5860e896d310_0 .net "clk", 0 0, v0x5860e8974cc0_0;  alias, 1 drivers
v0x5860e896d3d0_0 .net "rst", 0 0, L_0x5860e8908b10;  alias, 1 drivers
v0x5860e896d520_0 .var "tick_25MHZ", 0 0;
S_0x5860e896d640 .scope module, "renderer" "vga_renderer" 4 202, 11 1 0, S_0x5860e894ac60;
 .timescale -9 -12;
    .port_info 0 /INPUT 1 "clk";
    .port_info 1 /INPUT 1 "rst";
    .port_info 2 /INPUT 1 "tick_25MHZ";
    .port_info 3 /INPUT 1 "video_active";
    .port_info 4 /INPUT 1 "frame_start";
    .port_info 5 /INPUT 1 "line_start";
    .port_info 6 /INPUT 10 "hcount";
    .port_info 7 /INPUT 10 "vcount";
    .port_info 8 /INPUT 1 "pixel_on";
    .port_info 9 /OUTPUT 6 "chip_x";
    .port_info 10 /OUTPUT 5 "chip_y";
    .port_info 11 /OUTPUT 1 "r";
    .port_info 12 /OUTPUT 1 "g";
    .port_info 13 /OUTPUT 1 "b";
P_0x5860e896d7d0 .param/l "BLACK" 1 11 23, C4<000>;
P_0x5860e896d810 .param/l "DISPLAY_TOP" 1 11 24, C4<0001010000>;
P_0x5860e896d850 .param/l "WHITE" 1 11 22, C4<111>;
L_0x5860e8988790 .functor AND 1, L_0x5860e8988ba0, L_0x5860e8988c90, C4<1>, C4<1>;
L_0x5860e8988260 .functor AND 1, L_0x5860e8988790, L_0x5860e8988eb0, C4<1>, C4<1>;
L_0x78d7bebb74e0 .functor BUFT 1, C4<00000000000000000000000000001010>, C4<0>, C4<0>, C4<0>;
v0x5860e896db80_0 .net/2u *"_ivl_10", 31 0, L_0x78d7bebb74e0;  1 drivers
v0x5860e896dc60_0 .net *"_ivl_12", 31 0, L_0x5860e8987e60;  1 drivers
v0x5860e896dd40_0 .net *"_ivl_16", 31 0, L_0x5860e89880d0;  1 drivers
L_0x78d7bebb7528 .functor BUFT 1, C4<0000000000000000000000>, C4<0>, C4<0>, C4<0>;
v0x5860e896de00_0 .net *"_ivl_19", 21 0, L_0x78d7bebb7528;  1 drivers
L_0x78d7bebb7570 .functor BUFT 1, C4<00000000000000000000000001010000>, C4<0>, C4<0>, C4<0>;
v0x5860e896dee0_0 .net/2u *"_ivl_20", 31 0, L_0x78d7bebb7570;  1 drivers
v0x5860e896e010_0 .net *"_ivl_22", 31 0, L_0x5860e89881c0;  1 drivers
L_0x78d7bebb75b8 .functor BUFT 1, C4<00000000000000000000000000001010>, C4<0>, C4<0>, C4<0>;
v0x5860e896e0f0_0 .net/2u *"_ivl_24", 31 0, L_0x78d7bebb75b8;  1 drivers
v0x5860e896e1d0_0 .net *"_ivl_26", 31 0, L_0x5860e89883c0;  1 drivers
v0x5860e896e2b0_0 .net *"_ivl_31", 5 0, L_0x5860e8988650;  1 drivers
L_0x78d7bebb7600 .functor BUFT 1, C4<000000>, C4<0>, C4<0>, C4<0>;
v0x5860e896e420_0 .net/2u *"_ivl_32", 5 0, L_0x78d7bebb7600;  1 drivers
v0x5860e896e500_0 .net *"_ivl_37", 4 0, L_0x5860e89888a0;  1 drivers
L_0x78d7bebb7648 .functor BUFT 1, C4<00000>, C4<0>, C4<0>, C4<0>;
v0x5860e896e5e0_0 .net/2u *"_ivl_38", 4 0, L_0x78d7bebb7648;  1 drivers
L_0x78d7bebb7690 .functor BUFT 1, C4<1010000000>, C4<0>, C4<0>, C4<0>;
v0x5860e896e6c0_0 .net/2u *"_ivl_42", 9 0, L_0x78d7bebb7690;  1 drivers
v0x5860e896e7a0_0 .net *"_ivl_44", 0 0, L_0x5860e8988ba0;  1 drivers
L_0x78d7bebb76d8 .functor BUFT 1, C4<0001010000>, C4<0>, C4<0>, C4<0>;
v0x5860e896e860_0 .net/2u *"_ivl_46", 9 0, L_0x78d7bebb76d8;  1 drivers
v0x5860e896e940_0 .net *"_ivl_48", 0 0, L_0x5860e8988c90;  1 drivers
v0x5860e896ea00_0 .net *"_ivl_51", 0 0, L_0x5860e8988790;  1 drivers
L_0x78d7bebb7720 .functor BUFT 1, C4<0110010000>, C4<0>, C4<0>, C4<0>;
v0x5860e896eac0_0 .net/2u *"_ivl_52", 9 0, L_0x78d7bebb7720;  1 drivers
v0x5860e896eba0_0 .net *"_ivl_54", 0 0, L_0x5860e8988eb0;  1 drivers
v0x5860e896ec60_0 .net *"_ivl_6", 31 0, L_0x5860e8987c60;  1 drivers
L_0x78d7bebb7498 .functor BUFT 1, C4<0000000000000000000000>, C4<0>, C4<0>, C4<0>;
v0x5860e896ed40_0 .net *"_ivl_9", 21 0, L_0x78d7bebb7498;  1 drivers
v0x5860e896ee20_0 .net "b", 0 0, L_0x5860e8987bc0;  alias, 1 drivers
v0x5860e896eee0_0 .net "chip_x", 5 0, L_0x5860e89886f0;  alias, 1 drivers
v0x5860e896efa0_0 .net "chip_x_tmp", 9 0, L_0x5860e8987fa0;  1 drivers
v0x5860e896f060_0 .net "chip_y", 4 0, L_0x5860e8988990;  alias, 1 drivers
v0x5860e896f150_0 .net "chip_y_tmp", 9 0, L_0x5860e8988500;  1 drivers
v0x5860e896f210_0 .net "clk", 0 0, v0x5860e8974cc0_0;  alias, 1 drivers
v0x5860e896f2b0_0 .net "display_active", 0 0, L_0x5860e8988260;  1 drivers
v0x5860e896f370_0 .net "frame_start", 0 0, L_0x5860e886b7e0;  alias, 1 drivers
v0x5860e896f440_0 .net "g", 0 0, L_0x5860e8987ad0;  alias, 1 drivers
v0x5860e896f4e0_0 .net "hcount", 9 0, v0x5860e8971a90_0;  alias, 1 drivers
v0x5860e896f5c0_0 .net "line_start", 0 0, L_0x5860e89869b0;  alias, 1 drivers
v0x5860e896f680_0 .net "pixel_on", 0 0, L_0x5860e8986df0;  alias, 1 drivers
v0x5860e896f960_0 .net "r", 0 0, L_0x5860e8987a30;  alias, 1 drivers
v0x5860e896fa00_0 .var "rgb", 2 0;
v0x5860e896fae0_0 .net "rst", 0 0, L_0x5860e8908b10;  alias, 1 drivers
v0x5860e896fb80_0 .net "tick_25MHZ", 0 0, v0x5860e896d520_0;  alias, 1 drivers
v0x5860e896fc20_0 .net "vcount", 9 0, v0x5860e8971dd0_0;  alias, 1 drivers
v0x5860e896fd00_0 .net "video_active", 0 0, L_0x5860e8919950;  alias, 1 drivers
L_0x5860e8987a30 .part v0x5860e896fa00_0, 2, 1;
L_0x5860e8987ad0 .part v0x5860e896fa00_0, 1, 1;
L_0x5860e8987bc0 .part v0x5860e896fa00_0, 0, 1;
L_0x5860e8987c60 .concat [ 10 22 0 0], v0x5860e8971a90_0, L_0x78d7bebb7498;
L_0x5860e8987e60 .arith/div 32, L_0x5860e8987c60, L_0x78d7bebb74e0;
L_0x5860e8987fa0 .part L_0x5860e8987e60, 0, 10;
L_0x5860e89880d0 .concat [ 10 22 0 0], v0x5860e8971dd0_0, L_0x78d7bebb7528;
L_0x5860e89881c0 .arith/sub 32, L_0x5860e89880d0, L_0x78d7bebb7570;
L_0x5860e89883c0 .arith/div 32, L_0x5860e89881c0, L_0x78d7bebb75b8;
L_0x5860e8988500 .part L_0x5860e89883c0, 0, 10;
L_0x5860e8988650 .part L_0x5860e8987fa0, 0, 6;
L_0x5860e89886f0 .functor MUXZ 6, L_0x78d7bebb7600, L_0x5860e8988650, L_0x5860e8988260, C4<>;
L_0x5860e89888a0 .part L_0x5860e8988500, 0, 5;
L_0x5860e8988990 .functor MUXZ 5, L_0x78d7bebb7648, L_0x5860e89888a0, L_0x5860e8988260, C4<>;
L_0x5860e8988ba0 .cmp/gt 10, L_0x78d7bebb7690, v0x5860e8971a90_0;
L_0x5860e8988c90 .cmp/ge 10, v0x5860e8971dd0_0, L_0x78d7bebb76d8;
L_0x5860e8988eb0 .cmp/gt 10, L_0x78d7bebb7720, v0x5860e8971dd0_0;
S_0x5860e896ff80 .scope module, "timing" "vga_timing" 4 143, 12 32 0, S_0x5860e894ac60;
 .timescale -9 -12;
    .port_info 0 /INPUT 1 "clk";
    .port_info 1 /INPUT 1 "rst";
    .port_info 2 /INPUT 1 "tick_25MHZ";
    .port_info 3 /OUTPUT 10 "hcount";
    .port_info 4 /OUTPUT 10 "vcount";
    .port_info 5 /OUTPUT 1 "hsync";
    .port_info 6 /OUTPUT 1 "vsync";
    .port_info 7 /OUTPUT 1 "video_active";
    .port_info 8 /OUTPUT 1 "frame_start";
    .port_info 9 /OUTPUT 1 "line_start";
P_0x5860e894fc80 .param/l "H_BACK" 1 12 52, +C4<00000000000000000000000000110000>;
P_0x5860e894fcc0 .param/l "H_FRONT" 1 12 50, +C4<00000000000000000000000000010000>;
P_0x5860e894fd00 .param/l "H_SYNC" 1 12 51, +C4<00000000000000000000000001100000>;
P_0x5860e894fd40 .param/l "H_TOTAL" 1 12 53, +C4<00000000000000000000001100100000>;
P_0x5860e894fd80 .param/l "H_VISIBLE" 1 12 49, +C4<00000000000000000000001010000000>;
P_0x5860e894fdc0 .param/l "V_BACK" 1 12 58, +C4<00000000000000000000000000100001>;
P_0x5860e894fe00 .param/l "V_FRONT" 1 12 56, +C4<00000000000000000000000000001010>;
P_0x5860e894fe40 .param/l "V_SYNC" 1 12 57, +C4<00000000000000000000000000000010>;
P_0x5860e894fe80 .param/l "V_TOTAL" 1 12 59, +C4<00000000000000000000001000001101>;
P_0x5860e894fec0 .param/l "V_VISIBLE" 1 12 55, +C4<00000000000000000000000111100000>;
L_0x5860e8919950 .functor AND 1, L_0x5860e8985d00, L_0x5860e8985f30, C4<1>, C4<1>;
L_0x5860e891a750 .functor AND 1, L_0x5860e8986200, L_0x5860e8986420, C4<1>, C4<1>;
L_0x5860e886b7e0 .functor AND 1, L_0x5860e891a750, v0x5860e896d520_0, C4<1>, C4<1>;
L_0x5860e89869b0 .functor AND 1, L_0x5860e8986860, v0x5860e896d520_0, C4<1>, C4<1>;
v0x5860e8970730_0 .net *"_ivl_0", 31 0, L_0x5860e8975c00;  1 drivers
L_0x78d7bebb70a8 .functor BUFT 1, C4<0000000000000000000000>, C4<0>, C4<0>, C4<0>;
v0x5860e8970830_0 .net *"_ivl_11", 21 0, L_0x78d7bebb70a8;  1 drivers
L_0x78d7bebb70f0 .functor BUFT 1, C4<00000000000000000000000111100000>, C4<0>, C4<0>, C4<0>;
v0x5860e8970910_0 .net/2u *"_ivl_12", 31 0, L_0x78d7bebb70f0;  1 drivers
v0x5860e8970a00_0 .net *"_ivl_14", 0 0, L_0x5860e8985f30;  1 drivers
v0x5860e8970ac0_0 .net *"_ivl_18", 31 0, L_0x5860e8986110;  1 drivers
L_0x78d7bebb7138 .functor BUFT 1, C4<0000000000000000000000>, C4<0>, C4<0>, C4<0>;
v0x5860e8970bf0_0 .net *"_ivl_21", 21 0, L_0x78d7bebb7138;  1 drivers
L_0x78d7bebb7180 .functor BUFT 1, C4<00000000000000000000000000000000>, C4<0>, C4<0>, C4<0>;
v0x5860e8970cd0_0 .net/2u *"_ivl_22", 31 0, L_0x78d7bebb7180;  1 drivers
v0x5860e8970db0_0 .net *"_ivl_24", 0 0, L_0x5860e8986200;  1 drivers
v0x5860e8970e70_0 .net *"_ivl_26", 31 0, L_0x5860e8986380;  1 drivers
L_0x78d7bebb71c8 .functor BUFT 1, C4<0000000000000000000000>, C4<0>, C4<0>, C4<0>;
v0x5860e8970f50_0 .net *"_ivl_29", 21 0, L_0x78d7bebb71c8;  1 drivers
L_0x78d7bebb7018 .functor BUFT 1, C4<0000000000000000000000>, C4<0>, C4<0>, C4<0>;
v0x5860e8971030_0 .net *"_ivl_3", 21 0, L_0x78d7bebb7018;  1 drivers
L_0x78d7bebb7210 .functor BUFT 1, C4<00000000000000000000000000000000>, C4<0>, C4<0>, C4<0>;
v0x5860e8971110_0 .net/2u *"_ivl_30", 31 0, L_0x78d7bebb7210;  1 drivers
v0x5860e89711f0_0 .net *"_ivl_32", 0 0, L_0x5860e8986420;  1 drivers
v0x5860e89712b0_0 .net *"_ivl_35", 0 0, L_0x5860e891a750;  1 drivers
v0x5860e8971370_0 .net *"_ivl_38", 31 0, L_0x5860e89866e0;  1 drivers
L_0x78d7bebb7060 .functor BUFT 1, C4<00000000000000000000001010000000>, C4<0>, C4<0>, C4<0>;
v0x5860e8971450_0 .net/2u *"_ivl_4", 31 0, L_0x78d7bebb7060;  1 drivers
L_0x78d7bebb7258 .functor BUFT 1, C4<0000000000000000000000>, C4<0>, C4<0>, C4<0>;
v0x5860e8971530_0 .net *"_ivl_41", 21 0, L_0x78d7bebb7258;  1 drivers
L_0x78d7bebb72a0 .functor BUFT 1, C4<00000000000000000000000000000000>, C4<0>, C4<0>, C4<0>;
v0x5860e8971610_0 .net/2u *"_ivl_42", 31 0, L_0x78d7bebb72a0;  1 drivers
v0x5860e89716f0_0 .net *"_ivl_44", 0 0, L_0x5860e8986860;  1 drivers
v0x5860e89717b0_0 .net *"_ivl_6", 0 0, L_0x5860e8985d00;  1 drivers
v0x5860e8971870_0 .net *"_ivl_8", 31 0, L_0x5860e8985e40;  1 drivers
v0x5860e8971950_0 .net "clk", 0 0, v0x5860e8974cc0_0;  alias, 1 drivers
v0x5860e89719f0_0 .net "frame_start", 0 0, L_0x5860e886b7e0;  alias, 1 drivers
v0x5860e8971a90_0 .var "hcount", 9 0;
v0x5860e8971b50_0 .var "hsync", 0 0;
v0x5860e8971bf0_0 .net "line_start", 0 0, L_0x5860e89869b0;  alias, 1 drivers
v0x5860e8971c90_0 .net "rst", 0 0, L_0x5860e8908b10;  alias, 1 drivers
v0x5860e8971d30_0 .net "tick_25MHZ", 0 0, v0x5860e896d520_0;  alias, 1 drivers
v0x5860e8971dd0_0 .var "vcount", 9 0;
v0x5860e8971ea0_0 .net "video_active", 0 0, L_0x5860e8919950;  alias, 1 drivers
v0x5860e8971f70_0 .var "vsync", 0 0;
L_0x5860e8975c00 .concat [ 10 22 0 0], v0x5860e8971a90_0, L_0x78d7bebb7018;
L_0x5860e8985d00 .cmp/gt 32, L_0x78d7bebb7060, L_0x5860e8975c00;
L_0x5860e8985e40 .concat [ 10 22 0 0], v0x5860e8971dd0_0, L_0x78d7bebb70a8;
L_0x5860e8985f30 .cmp/gt 32, L_0x78d7bebb70f0, L_0x5860e8985e40;
L_0x5860e8986110 .concat [ 10 22 0 0], v0x5860e8971a90_0, L_0x78d7bebb7138;
L_0x5860e8986200 .cmp/eq 32, L_0x5860e8986110, L_0x78d7bebb7180;
L_0x5860e8986380 .concat [ 10 22 0 0], v0x5860e8971dd0_0, L_0x78d7bebb71c8;
L_0x5860e8986420 .cmp/eq 32, L_0x5860e8986380, L_0x78d7bebb7210;
L_0x5860e89866e0 .concat [ 10 22 0 0], v0x5860e8971a90_0, L_0x78d7bebb7258;
L_0x5860e8986860 .cmp/eq 32, L_0x5860e89866e0, L_0x78d7bebb72a0;
    .scope S_0x5860e896b570;
T_0 ;
    %wait E_0x5860e8886cd0;
    %load/vec4 v0x5860e896c1c0_0;
    %nor/r;
    %flag_set/vec4 8;
    %jmp/0xz  T_0.0, 8;
    %pushi/vec4 1, 0, 1;
    %assign/vec4 v0x5860e896bd40_0, 0;
    %pushi/vec4 1, 0, 1;
    %assign/vec4 v0x5860e896bec0_0, 0;
    %pushi/vec4 1, 0, 1;
    %assign/vec4 v0x5860e896be00_0, 0;
    %pushi/vec4 1, 0, 1;
    %assign/vec4 v0x5860e896c040_0, 0;
    %pushi/vec4 1, 0, 1;
    %assign/vec4 v0x5860e896c100_0, 0;
    %pushi/vec4 0, 0, 4;
    %assign/vec4 v0x5860e896b930_0, 0;
    %pushi/vec4 0, 0, 11;
    %assign/vec4 v0x5860e896c3c0_0, 0;
    %pushi/vec4 0, 0, 16;
    %assign/vec4 v0x5860e896bab0_0, 0;
    %pushi/vec4 0, 0, 8;
    %assign/vec4 v0x5860e896c260_0, 0;
    %pushi/vec4 0, 0, 1;
    %assign/vec4 v0x5860e896c320_0, 0;
    %jmp T_0.1;
T_0.0 ;
    %load/vec4 v0x5860e896bb70_0;
    %assign/vec4 v0x5860e896bd40_0, 0;
    %load/vec4 v0x5860e896bd40_0;
    %assign/vec4 v0x5860e896bec0_0, 0;
    %load/vec4 v0x5860e896bec0_0;
    %assign/vec4 v0x5860e896be00_0, 0;
    %load/vec4 v0x5860e896bf80_0;
    %assign/vec4 v0x5860e896c040_0, 0;
    %load/vec4 v0x5860e896c040_0;
    %assign/vec4 v0x5860e896c100_0, 0;
    %pushi/vec4 0, 0, 1;
    %assign/vec4 v0x5860e896c320_0, 0;
    %load/vec4 v0x5860e896b930_0;
    %pad/u 32;
    %cmpi/ne 0, 0, 32;
    %jmp/0xz  T_0.2, 4;
    %load/vec4 v0x5860e896bab0_0;
    %cmpi/e 49999, 0, 16;
    %jmp/0xz  T_0.4, 4;
    %pushi/vec4 0, 0, 4;
    %assign/vec4 v0x5860e896b930_0, 0;
    %pushi/vec4 0, 0, 16;
    %assign/vec4 v0x5860e896bab0_0, 0;
    %jmp T_0.5;
T_0.4 ;
    %load/vec4 v0x5860e896bab0_0;
    %addi 1, 0, 16;
    %assign/vec4 v0x5860e896bab0_0, 0;
T_0.5 ;
    %jmp T_0.3;
T_0.2 ;
    %pushi/vec4 0, 0, 16;
    %assign/vec4 v0x5860e896bab0_0, 0;
T_0.3 ;
    %load/vec4 v0x5860e896bc80_0;
    %flag_set/vec4 8;
    %jmp/0xz  T_0.6, 8;
    %pushi/vec4 0, 0, 16;
    %assign/vec4 v0x5860e896bab0_0, 0;
    %load/vec4 v0x5860e896b930_0;
    %pad/u 32;
    %cmpi/ne 0, 0, 32;
    %jmp/1 T_0.10, 4;
    %flag_mov 8, 4;
    %load/vec4 v0x5860e896c100_0;
    %cmpi/e 0, 0, 1;
    %flag_or 4, 8;
T_0.10;
    %jmp/0xz  T_0.8, 4;
    %load/vec4 v0x5860e896c100_0;
    %ix/load 5, 0, 0;
    %ix/getv 4, v0x5860e896b930_0;
    %assign/vec4/off/d v0x5860e896c3c0_0, 4, 5;
    %load/vec4 v0x5860e896b930_0;
    %cmpi/e 10, 0, 4;
    %jmp/0xz  T_0.11, 4;
    %load/vec4 v0x5860e896c3c0_0;
    %parti/s 1, 0, 2;
    %cmpi/e 0, 0, 1;
    %flag_get/vec4 4;
    %jmp/0 T_0.16, 4;
    %load/vec4 v0x5860e896c100_0;
    %pushi/vec4 1, 0, 1;
    %cmp/e;
    %flag_get/vec4 4;
    %and;
T_0.16;
    %flag_set/vec4 9;
    %flag_get/vec4 9;
    %jmp/0 T_0.15, 9;
    %load/vec4 v0x5860e896c3c0_0;
    %parti/s 9, 1, 2;
    %xor/r;
    %and;
T_0.15;
    %flag_set/vec4 8;
    %jmp/0xz  T_0.13, 8;
    %load/vec4 v0x5860e896c3c0_0;
    %parti/s 8, 1, 2;
    %assign/vec4 v0x5860e896c260_0, 0;
    %pushi/vec4 1, 0, 1;
    %assign/vec4 v0x5860e896c320_0, 0;
T_0.13 ;
    %pushi/vec4 0, 0, 4;
    %assign/vec4 v0x5860e896b930_0, 0;
    %jmp T_0.12;
T_0.11 ;
    %load/vec4 v0x5860e896b930_0;
    %addi 1, 0, 4;
    %assign/vec4 v0x5860e896b930_0, 0;
T_0.12 ;
T_0.8 ;
T_0.6 ;
T_0.1 ;
    %jmp T_0;
    .thread T_0;
    .scope S_0x5860e896ada0;
T_1 ;
    %wait E_0x5860e8886cd0;
    %load/vec4 v0x5860e896b230_0;
    %nor/r;
    %flag_set/vec4 8;
    %jmp/0xz  T_1.0, 8;
    %pushi/vec4 0, 0, 16;
    %assign/vec4 v0x5860e896b160_0, 0;
    %pushi/vec4 0, 0, 1;
    %assign/vec4 v0x5860e896af90_0, 0;
    %jmp T_1.1;
T_1.0 ;
    %load/vec4 v0x5860e896b410_0;
    %flag_set/vec4 8;
    %jmp/0xz  T_1.2, 8;
    %load/vec4 v0x5860e896b320_0;
    %cmpi/e 240, 0, 8;
    %jmp/0xz  T_1.4, 4;
    %pushi/vec4 1, 0, 1;
    %assign/vec4 v0x5860e896af90_0, 0;
    %jmp T_1.5;
T_1.4 ;
    %load/vec4 v0x5860e896af90_0;
    %nor/r;
    %flag_set/vec4 8;
    %jmp/0xz  T_1.6, 8;
    %load/vec4 v0x5860e896b320_0;
    %dup/vec4;
    %pushi/vec4 22, 0, 8;
    %cmp/u;
    %jmp/1 T_1.8, 6;
    %dup/vec4;
    %pushi/vec4 30, 0, 8;
    %cmp/u;
    %jmp/1 T_1.9, 6;
    %dup/vec4;
    %pushi/vec4 38, 0, 8;
    %cmp/u;
    %jmp/1 T_1.10, 6;
    %dup/vec4;
    %pushi/vec4 37, 0, 8;
    %cmp/u;
    %jmp/1 T_1.11, 6;
    %dup/vec4;
    %pushi/vec4 21, 0, 8;
    %cmp/u;
    %jmp/1 T_1.12, 6;
    %dup/vec4;
    %pushi/vec4 29, 0, 8;
    %cmp/u;
    %jmp/1 T_1.13, 6;
    %dup/vec4;
    %pushi/vec4 36, 0, 8;
    %cmp/u;
    %jmp/1 T_1.14, 6;
    %dup/vec4;
    %pushi/vec4 45, 0, 8;
    %cmp/u;
    %jmp/1 T_1.15, 6;
    %dup/vec4;
    %pushi/vec4 28, 0, 8;
    %cmp/u;
    %jmp/1 T_1.16, 6;
    %dup/vec4;
    %pushi/vec4 27, 0, 8;
    %cmp/u;
    %jmp/1 T_1.17, 6;
    %dup/vec4;
    %pushi/vec4 35, 0, 8;
    %cmp/u;
    %jmp/1 T_1.18, 6;
    %dup/vec4;
    %pushi/vec4 43, 0, 8;
    %cmp/u;
    %jmp/1 T_1.19, 6;
    %dup/vec4;
    %pushi/vec4 26, 0, 8;
    %cmp/u;
    %jmp/1 T_1.20, 6;
    %dup/vec4;
    %pushi/vec4 34, 0, 8;
    %cmp/u;
    %jmp/1 T_1.21, 6;
    %dup/vec4;
    %pushi/vec4 33, 0, 8;
    %cmp/u;
    %jmp/1 T_1.22, 6;
    %dup/vec4;
    %pushi/vec4 42, 0, 8;
    %cmp/u;
    %jmp/1 T_1.23, 6;
    %jmp T_1.25;
T_1.8 ;
    %pushi/vec4 1, 0, 1;
    %ix/load 4, 1, 0;
    %ix/load 5, 0, 0;
    %flag_set/imm 4, 0;
    %assign/vec4/off/d v0x5860e896b160_0, 4, 5;
    %jmp T_1.25;
T_1.9 ;
    %pushi/vec4 1, 0, 1;
    %ix/load 4, 2, 0;
    %ix/load 5, 0, 0;
    %flag_set/imm 4, 0;
    %assign/vec4/off/d v0x5860e896b160_0, 4, 5;
    %jmp T_1.25;
T_1.10 ;
    %pushi/vec4 1, 0, 1;
    %ix/load 4, 3, 0;
    %ix/load 5, 0, 0;
    %flag_set/imm 4, 0;
    %assign/vec4/off/d v0x5860e896b160_0, 4, 5;
    %jmp T_1.25;
T_1.11 ;
    %pushi/vec4 1, 0, 1;
    %ix/load 4, 12, 0;
    %ix/load 5, 0, 0;
    %flag_set/imm 4, 0;
    %assign/vec4/off/d v0x5860e896b160_0, 4, 5;
    %jmp T_1.25;
T_1.12 ;
    %pushi/vec4 1, 0, 1;
    %ix/load 4, 4, 0;
    %ix/load 5, 0, 0;
    %flag_set/imm 4, 0;
    %assign/vec4/off/d v0x5860e896b160_0, 4, 5;
    %jmp T_1.25;
T_1.13 ;
    %pushi/vec4 1, 0, 1;
    %ix/load 4, 5, 0;
    %ix/load 5, 0, 0;
    %flag_set/imm 4, 0;
    %assign/vec4/off/d v0x5860e896b160_0, 4, 5;
    %jmp T_1.25;
T_1.14 ;
    %pushi/vec4 1, 0, 1;
    %ix/load 4, 6, 0;
    %ix/load 5, 0, 0;
    %flag_set/imm 4, 0;
    %assign/vec4/off/d v0x5860e896b160_0, 4, 5;
    %jmp T_1.25;
T_1.15 ;
    %pushi/vec4 1, 0, 1;
    %ix/load 4, 13, 0;
    %ix/load 5, 0, 0;
    %flag_set/imm 4, 0;
    %assign/vec4/off/d v0x5860e896b160_0, 4, 5;
    %jmp T_1.25;
T_1.16 ;
    %pushi/vec4 1, 0, 1;
    %ix/load 4, 7, 0;
    %ix/load 5, 0, 0;
    %flag_set/imm 4, 0;
    %assign/vec4/off/d v0x5860e896b160_0, 4, 5;
    %jmp T_1.25;
T_1.17 ;
    %pushi/vec4 1, 0, 1;
    %ix/load 4, 8, 0;
    %ix/load 5, 0, 0;
    %flag_set/imm 4, 0;
    %assign/vec4/off/d v0x5860e896b160_0, 4, 5;
    %jmp T_1.25;
T_1.18 ;
    %pushi/vec4 1, 0, 1;
    %ix/load 4, 9, 0;
    %ix/load 5, 0, 0;
    %flag_set/imm 4, 0;
    %assign/vec4/off/d v0x5860e896b160_0, 4, 5;
    %jmp T_1.25;
T_1.19 ;
    %pushi/vec4 1, 0, 1;
    %ix/load 4, 14, 0;
    %ix/load 5, 0, 0;
    %flag_set/imm 4, 0;
    %assign/vec4/off/d v0x5860e896b160_0, 4, 5;
    %jmp T_1.25;
T_1.20 ;
    %pushi/vec4 1, 0, 1;
    %ix/load 4, 10, 0;
    %ix/load 5, 0, 0;
    %flag_set/imm 4, 0;
    %assign/vec4/off/d v0x5860e896b160_0, 4, 5;
    %jmp T_1.25;
T_1.21 ;
    %pushi/vec4 1, 0, 1;
    %ix/load 4, 0, 0;
    %ix/load 5, 0, 0;
    %flag_set/imm 4, 0;
    %assign/vec4/off/d v0x5860e896b160_0, 4, 5;
    %jmp T_1.25;
T_1.22 ;
    %pushi/vec4 1, 0, 1;
    %ix/load 4, 11, 0;
    %ix/load 5, 0, 0;
    %flag_set/imm 4, 0;
    %assign/vec4/off/d v0x5860e896b160_0, 4, 5;
    %jmp T_1.25;
T_1.23 ;
    %pushi/vec4 1, 0, 1;
    %ix/load 4, 15, 0;
    %ix/load 5, 0, 0;
    %flag_set/imm 4, 0;
    %assign/vec4/off/d v0x5860e896b160_0, 4, 5;
    %jmp T_1.25;
T_1.25 ;
    %pop/vec4 1;
    %jmp T_1.7;
T_1.6 ;
    %load/vec4 v0x5860e896b320_0;
    %dup/vec4;
    %pushi/vec4 22, 0, 8;
    %cmp/u;
    %jmp/1 T_1.26, 6;
    %dup/vec4;
    %pushi/vec4 30, 0, 8;
    %cmp/u;
    %jmp/1 T_1.27, 6;
    %dup/vec4;
    %pushi/vec4 38, 0, 8;
    %cmp/u;
    %jmp/1 T_1.28, 6;
    %dup/vec4;
    %pushi/vec4 37, 0, 8;
    %cmp/u;
    %jmp/1 T_1.29, 6;
    %dup/vec4;
    %pushi/vec4 21, 0, 8;
    %cmp/u;
    %jmp/1 T_1.30, 6;
    %dup/vec4;
    %pushi/vec4 29, 0, 8;
    %cmp/u;
    %jmp/1 T_1.31, 6;
    %dup/vec4;
    %pushi/vec4 36, 0, 8;
    %cmp/u;
    %jmp/1 T_1.32, 6;
    %dup/vec4;
    %pushi/vec4 45, 0, 8;
    %cmp/u;
    %jmp/1 T_1.33, 6;
    %dup/vec4;
    %pushi/vec4 28, 0, 8;
    %cmp/u;
    %jmp/1 T_1.34, 6;
    %dup/vec4;
    %pushi/vec4 27, 0, 8;
    %cmp/u;
    %jmp/1 T_1.35, 6;
    %dup/vec4;
    %pushi/vec4 35, 0, 8;
    %cmp/u;
    %jmp/1 T_1.36, 6;
    %dup/vec4;
    %pushi/vec4 43, 0, 8;
    %cmp/u;
    %jmp/1 T_1.37, 6;
    %dup/vec4;
    %pushi/vec4 26, 0, 8;
    %cmp/u;
    %jmp/1 T_1.38, 6;
    %dup/vec4;
    %pushi/vec4 34, 0, 8;
    %cmp/u;
    %jmp/1 T_1.39, 6;
    %dup/vec4;
    %pushi/vec4 33, 0, 8;
    %cmp/u;
    %jmp/1 T_1.40, 6;
    %dup/vec4;
    %pushi/vec4 42, 0, 8;
    %cmp/u;
    %jmp/1 T_1.41, 6;
    %jmp T_1.43;
T_1.26 ;
    %pushi/vec4 0, 0, 1;
    %ix/load 4, 1, 0;
    %ix/load 5, 0, 0;
    %flag_set/imm 4, 0;
    %assign/vec4/off/d v0x5860e896b160_0, 4, 5;
    %jmp T_1.43;
T_1.27 ;
    %pushi/vec4 0, 0, 1;
    %ix/load 4, 2, 0;
    %ix/load 5, 0, 0;
    %flag_set/imm 4, 0;
    %assign/vec4/off/d v0x5860e896b160_0, 4, 5;
    %jmp T_1.43;
T_1.28 ;
    %pushi/vec4 0, 0, 1;
    %ix/load 4, 3, 0;
    %ix/load 5, 0, 0;
    %flag_set/imm 4, 0;
    %assign/vec4/off/d v0x5860e896b160_0, 4, 5;
    %jmp T_1.43;
T_1.29 ;
    %pushi/vec4 0, 0, 1;
    %ix/load 4, 12, 0;
    %ix/load 5, 0, 0;
    %flag_set/imm 4, 0;
    %assign/vec4/off/d v0x5860e896b160_0, 4, 5;
    %jmp T_1.43;
T_1.30 ;
    %pushi/vec4 0, 0, 1;
    %ix/load 4, 4, 0;
    %ix/load 5, 0, 0;
    %flag_set/imm 4, 0;
    %assign/vec4/off/d v0x5860e896b160_0, 4, 5;
    %jmp T_1.43;
T_1.31 ;
    %pushi/vec4 0, 0, 1;
    %ix/load 4, 5, 0;
    %ix/load 5, 0, 0;
    %flag_set/imm 4, 0;
    %assign/vec4/off/d v0x5860e896b160_0, 4, 5;
    %jmp T_1.43;
T_1.32 ;
    %pushi/vec4 0, 0, 1;
    %ix/load 4, 6, 0;
    %ix/load 5, 0, 0;
    %flag_set/imm 4, 0;
    %assign/vec4/off/d v0x5860e896b160_0, 4, 5;
    %jmp T_1.43;
T_1.33 ;
    %pushi/vec4 0, 0, 1;
    %ix/load 4, 13, 0;
    %ix/load 5, 0, 0;
    %flag_set/imm 4, 0;
    %assign/vec4/off/d v0x5860e896b160_0, 4, 5;
    %jmp T_1.43;
T_1.34 ;
    %pushi/vec4 0, 0, 1;
    %ix/load 4, 7, 0;
    %ix/load 5, 0, 0;
    %flag_set/imm 4, 0;
    %assign/vec4/off/d v0x5860e896b160_0, 4, 5;
    %jmp T_1.43;
T_1.35 ;
    %pushi/vec4 0, 0, 1;
    %ix/load 4, 8, 0;
    %ix/load 5, 0, 0;
    %flag_set/imm 4, 0;
    %assign/vec4/off/d v0x5860e896b160_0, 4, 5;
    %jmp T_1.43;
T_1.36 ;
    %pushi/vec4 0, 0, 1;
    %ix/load 4, 9, 0;
    %ix/load 5, 0, 0;
    %flag_set/imm 4, 0;
    %assign/vec4/off/d v0x5860e896b160_0, 4, 5;
    %jmp T_1.43;
T_1.37 ;
    %pushi/vec4 0, 0, 1;
    %ix/load 4, 14, 0;
    %ix/load 5, 0, 0;
    %flag_set/imm 4, 0;
    %assign/vec4/off/d v0x5860e896b160_0, 4, 5;
    %jmp T_1.43;
T_1.38 ;
    %pushi/vec4 0, 0, 1;
    %ix/load 4, 10, 0;
    %ix/load 5, 0, 0;
    %flag_set/imm 4, 0;
    %assign/vec4/off/d v0x5860e896b160_0, 4, 5;
    %jmp T_1.43;
T_1.39 ;
    %pushi/vec4 0, 0, 1;
    %ix/load 4, 0, 0;
    %ix/load 5, 0, 0;
    %flag_set/imm 4, 0;
    %assign/vec4/off/d v0x5860e896b160_0, 4, 5;
    %jmp T_1.43;
T_1.40 ;
    %pushi/vec4 0, 0, 1;
    %ix/load 4, 11, 0;
    %ix/load 5, 0, 0;
    %flag_set/imm 4, 0;
    %assign/vec4/off/d v0x5860e896b160_0, 4, 5;
    %jmp T_1.43;
T_1.41 ;
    %pushi/vec4 0, 0, 1;
    %ix/load 4, 15, 0;
    %ix/load 5, 0, 0;
    %flag_set/imm 4, 0;
    %assign/vec4/off/d v0x5860e896b160_0, 4, 5;
    %jmp T_1.43;
T_1.43 ;
    %pop/vec4 1;
    %pushi/vec4 0, 0, 1;
    %assign/vec4 v0x5860e896af90_0, 0;
T_1.7 ;
T_1.5 ;
T_1.2 ;
T_1.1 ;
    %jmp T_1;
    .thread T_1;
    .scope S_0x5860e896d110;
T_2 ;
    %wait E_0x5860e8886cd0;
    %load/vec4 v0x5860e896d3d0_0;
    %nor/r;
    %flag_set/vec4 8;
    %jmp/0xz  T_2.0, 8;
    %pushi/vec4 0, 0, 1;
    %assign/vec4 v0x5860e896d520_0, 0;
    %jmp T_2.1;
T_2.0 ;
    %load/vec4 v0x5860e896d520_0;
    %inv;
    %assign/vec4 v0x5860e896d520_0, 0;
T_2.1 ;
    %jmp T_2;
    .thread T_2;
    .scope S_0x5860e896ff80;
T_3 ;
    %wait E_0x5860e8886cd0;
    %load/vec4 v0x5860e8971c90_0;
    %nor/r;
    %flag_set/vec4 8;
    %jmp/0xz  T_3.0, 8;
    %pushi/vec4 0, 0, 10;
    %assign/vec4 v0x5860e8971a90_0, 0;
    %pushi/vec4 0, 0, 10;
    %assign/vec4 v0x5860e8971dd0_0, 0;
    %pushi/vec4 1, 0, 1;
    %assign/vec4 v0x5860e8971b50_0, 0;
    %pushi/vec4 1, 0, 1;
    %assign/vec4 v0x5860e8971f70_0, 0;
    %jmp T_3.1;
T_3.0 ;
    %load/vec4 v0x5860e8971d30_0;
    %flag_set/vec4 8;
    %jmp/0xz  T_3.2, 8;
    %load/vec4 v0x5860e8971a90_0;
    %pad/u 32;
    %cmpi/u 656, 0, 32;
    %flag_inv 5; GE is !LT
    %flag_get/vec4 5;
    %jmp/0 T_3.4, 5;
    %load/vec4 v0x5860e8971a90_0;
    %pad/u 32;
    %cmpi/u 752, 0, 32;
    %flag_get/vec4 5;
    %and;
T_3.4;
    %inv;
    %assign/vec4 v0x5860e8971b50_0, 0;
    %load/vec4 v0x5860e8971dd0_0;
    %pad/u 32;
    %cmpi/u 490, 0, 32;
    %flag_inv 5; GE is !LT
    %flag_get/vec4 5;
    %jmp/0 T_3.5, 5;
    %load/vec4 v0x5860e8971dd0_0;
    %pad/u 32;
    %cmpi/u 492, 0, 32;
    %flag_get/vec4 5;
    %and;
T_3.5;
    %inv;
    %assign/vec4 v0x5860e8971f70_0, 0;
    %load/vec4 v0x5860e8971a90_0;
    %pad/u 32;
    %cmpi/e 799, 0, 32;
    %jmp/0xz  T_3.6, 4;
    %pushi/vec4 0, 0, 10;
    %assign/vec4 v0x5860e8971a90_0, 0;
    %load/vec4 v0x5860e8971dd0_0;
    %pad/u 32;
    %cmpi/e 524, 0, 32;
    %jmp/0xz  T_3.8, 4;
    %pushi/vec4 0, 0, 10;
    %assign/vec4 v0x5860e8971dd0_0, 0;
    %jmp T_3.9;
T_3.8 ;
    %load/vec4 v0x5860e8971dd0_0;
    %addi 1, 0, 10;
    %assign/vec4 v0x5860e8971dd0_0, 0;
T_3.9 ;
    %jmp T_3.7;
T_3.6 ;
    %load/vec4 v0x5860e8971a90_0;
    %addi 1, 0, 10;
    %assign/vec4 v0x5860e8971a90_0, 0;
T_3.7 ;
T_3.2 ;
T_3.1 ;
    %jmp T_3;
    .thread T_3;
    .scope S_0x5860e8943e70;
T_4 ;
    %wait E_0x5860e884cc10;
    %pushi/vec4 0, 0, 4;
    %store/vec4 v0x5860e8967110_0, 0, 4;
    %pushi/vec4 0, 0, 1;
    %store/vec4 v0x5860e89666d0_0, 0, 1;
    %pushi/vec4 0, 0, 32;
    %store/vec4 v0x5860e89665f0_0, 0, 32;
T_4.0 ;
    %load/vec4 v0x5860e89665f0_0;
    %cmpi/s 16, 0, 32;
    %jmp/0xz T_4.1, 5;
    %load/vec4 v0x5860e89666d0_0;
    %nor/r;
    %flag_set/vec4 9;
    %flag_get/vec4 9;
    %jmp/0 T_4.4, 9;
    %load/vec4 v0x5860e8966790_0;
    %load/vec4 v0x5860e89665f0_0;
    %part/s 1;
    %and;
T_4.4;
    %flag_set/vec4 8;
    %jmp/0xz  T_4.2, 8;
    %load/vec4 v0x5860e89665f0_0;
    %parti/s 4, 0, 2;
    %store/vec4 v0x5860e8967110_0, 0, 4;
    %pushi/vec4 1, 0, 1;
    %store/vec4 v0x5860e89666d0_0, 0, 1;
T_4.2 ;
    %load/vec4 v0x5860e89665f0_0;
    %addi 1, 0, 32;
    %store/vec4 v0x5860e89665f0_0, 0, 32;
    %jmp T_4.0;
T_4.1 ;
    %jmp T_4;
    .thread T_4, $push;
    .scope S_0x5860e8943e70;
T_5 ;
    %wait E_0x5860e8886cd0;
    %load/vec4 v0x5860e89671f0_0;
    %nor/r;
    %flag_set/vec4 8;
    %jmp/0xz  T_5.0, 8;
    %pushi/vec4 165, 0, 8;
    %assign/vec4 v0x5860e8966870_0, 0;
    %jmp T_5.1;
T_5.0 ;
    %load/vec4 v0x5860e8966870_0;
    %parti/s 7, 0, 2;
    %load/vec4 v0x5860e8966870_0;
    %parti/s 1, 7, 4;
    %load/vec4 v0x5860e8966870_0;
    %parti/s 1, 5, 4;
    %xor;
    %load/vec4 v0x5860e8966870_0;
    %parti/s 1, 4, 4;
    %xor;
    %load/vec4 v0x5860e8966870_0;
    %parti/s 1, 3, 3;
    %xor;
    %concat/vec4; draw_concat_vec4
    %assign/vec4 v0x5860e8966870_0, 0;
T_5.1 ;
    %jmp T_5;
    .thread T_5;
    .scope S_0x5860e8943e70;
T_6 ;
    %wait E_0x5860e8886cd0;
    %load/vec4 v0x5860e89671f0_0;
    %nor/r;
    %flag_set/vec4 8;
    %jmp/0xz  T_6.0, 8;
    %pushi/vec4 0, 0, 20;
    %assign/vec4 v0x5860e89677b0_0, 0;
    %pushi/vec4 0, 0, 1;
    %assign/vec4 v0x5860e8967890_0, 0;
    %jmp T_6.1;
T_6.0 ;
    %load/vec4 v0x5860e89677b0_0;
    %cmpi/e 833332, 0, 20;
    %jmp/0xz  T_6.2, 4;
    %pushi/vec4 0, 0, 20;
    %assign/vec4 v0x5860e89677b0_0, 0;
    %pushi/vec4 1, 0, 1;
    %assign/vec4 v0x5860e8967890_0, 0;
    %jmp T_6.3;
T_6.2 ;
    %load/vec4 v0x5860e89677b0_0;
    %addi 1, 0, 20;
    %assign/vec4 v0x5860e89677b0_0, 0;
    %pushi/vec4 0, 0, 1;
    %assign/vec4 v0x5860e8967890_0, 0;
T_6.3 ;
T_6.1 ;
    %jmp T_6;
    .thread T_6;
    .scope S_0x5860e8943e70;
T_7 ;
    %wait E_0x5860e8886cd0;
    %load/vec4 v0x5860e89671f0_0;
    %nor/r;
    %flag_set/vec4 8;
    %jmp/0xz  T_7.0, 8;
    %pushi/vec4 0, 0, 4;
    %assign/vec4 v0x5860e89675f0_0, 0;
    %pushi/vec4 512, 0, 12;
    %assign/vec4 v0x5860e8967030_0, 0;
    %pushi/vec4 512, 0, 12;
    %assign/vec4 v0x5860e8966950_0, 0;
    %pushi/vec4 0, 0, 8;
    %assign/vec4 v0x5860e8966e70_0, 0;
    %pushi/vec4 0, 0, 8;
    %assign/vec4 v0x5860e8966f50_0, 0;
    %pushi/vec4 0, 0, 16;
    %assign/vec4 v0x5860e8966510_0, 0;
    %pushi/vec4 0, 0, 4;
    %assign/vec4 v0x5860e8967450_0, 0;
    %pushi/vec4 0, 0, 12;
    %assign/vec4 v0x5860e8939870_0, 0;
    %pushi/vec4 0, 0, 8;
    %assign/vec4 v0x5860e8919b90_0, 0;
    %pushi/vec4 0, 0, 8;
    %assign/vec4 v0x5860e8967370_0, 0;
    %pushi/vec4 0, 0, 1;
    %assign/vec4 v0x5860e8966db0_0, 0;
    %pushi/vec4 0, 0, 12;
    %assign/vec4 v0x5860e8966bf0_0, 0;
    %pushi/vec4 0, 0, 8;
    %assign/vec4 v0x5860e8966cd0_0, 0;
    %pushi/vec4 0, 0, 1;
    %assign/vec4 v0x5860e891a950_0, 0;
    %pushi/vec4 0, 0, 1;
    %assign/vec4 v0x5860e8965bd0_0, 0;
    %pushi/vec4 0, 0, 6;
    %assign/vec4 v0x5860e8965d70_0, 0;
    %pushi/vec4 0, 0, 5;
    %assign/vec4 v0x5860e8965e50_0, 0;
    %pushi/vec4 0, 0, 8;
    %assign/vec4 v0x5860e8965c90_0, 0;
    %pushi/vec4 0, 0, 1;
    %assign/vec4 v0x5860e8965f30_0, 0;
    %pushi/vec4 0, 0, 4;
    %assign/vec4 v0x5860e8967950_0, 0;
    %pushi/vec4 0, 0, 4;
    %assign/vec4 v0x5860e8967a30_0, 0;
    %pushi/vec4 0, 0, 32;
    %store/vec4 v0x5860e8966370_0, 0, 32;
T_7.2 ;
    %load/vec4 v0x5860e8966370_0;
    %cmpi/s 16, 0, 32;
    %jmp/0xz T_7.3, 5;
    %pushi/vec4 0, 0, 8;
    %ix/getv/s 3, v0x5860e8966370_0;
    %ix/load 4, 0, 0; Constant delay
    %assign/vec4/a/d v0x5860e893f4b0, 0, 4;
    %pushi/vec4 0, 0, 12;
    %ix/getv/s 3, v0x5860e8966370_0;
    %ix/load 4, 0, 0; Constant delay
    %assign/vec4/a/d v0x5860e8967530, 0, 4;
    %load/vec4 v0x5860e8966370_0;
    %addi 1, 0, 32;
    %store/vec4 v0x5860e8966370_0, 0, 32;
    %jmp T_7.2;
T_7.3 ;
    %jmp T_7.1;
T_7.0 ;
    %pushi/vec4 0, 0, 1;
    %assign/vec4 v0x5860e8966db0_0, 0;
    %pushi/vec4 0, 0, 1;
    %assign/vec4 v0x5860e891a950_0, 0;
    %pushi/vec4 0, 0, 1;
    %assign/vec4 v0x5860e8965bd0_0, 0;
    %load/vec4 v0x5860e8967890_0;
    %flag_set/vec4 8;
    %jmp/0xz  T_7.4, 8;
    %load/vec4 v0x5860e8919b90_0;
    %pad/u 32;
    %cmpi/ne 0, 0, 32;
    %jmp/0xz  T_7.6, 4;
    %load/vec4 v0x5860e8919b90_0;
    %subi 1, 0, 8;
    %assign/vec4 v0x5860e8919b90_0, 0;
T_7.6 ;
    %load/vec4 v0x5860e8967370_0;
    %pad/u 32;
    %cmpi/ne 0, 0, 32;
    %jmp/0xz  T_7.8, 4;
    %load/vec4 v0x5860e8967370_0;
    %subi 1, 0, 8;
    %assign/vec4 v0x5860e8967370_0, 0;
T_7.8 ;
T_7.4 ;
    %load/vec4 v0x5860e89675f0_0;
    %dup/vec4;
    %pushi/vec4 0, 0, 4;
    %cmp/u;
    %jmp/1 T_7.10, 6;
    %dup/vec4;
    %pushi/vec4 1, 0, 4;
    %cmp/u;
    %jmp/1 T_7.11, 6;
    %dup/vec4;
    %pushi/vec4 2, 0, 4;
    %cmp/u;
    %jmp/1 T_7.12, 6;
    %dup/vec4;
    %pushi/vec4 3, 0, 4;
    %cmp/u;
    %jmp/1 T_7.13, 6;
    %dup/vec4;
    %pushi/vec4 4, 0, 4;
    %cmp/u;
    %jmp/1 T_7.14, 6;
    %dup/vec4;
    %pushi/vec4 5, 0, 4;
    %cmp/u;
    %jmp/1 T_7.15, 6;
    %dup/vec4;
    %pushi/vec4 6, 0, 4;
    %cmp/u;
    %jmp/1 T_7.16, 6;
    %dup/vec4;
    %pushi/vec4 7, 0, 4;
    %cmp/u;
    %jmp/1 T_7.17, 6;
    %dup/vec4;
    %pushi/vec4 8, 0, 4;
    %cmp/u;
    %jmp/1 T_7.18, 6;
    %dup/vec4;
    %pushi/vec4 10, 0, 4;
    %cmp/u;
    %jmp/1 T_7.19, 6;
    %dup/vec4;
    %pushi/vec4 11, 0, 4;
    %cmp/u;
    %jmp/1 T_7.20, 6;
    %dup/vec4;
    %pushi/vec4 12, 0, 4;
    %cmp/u;
    %jmp/1 T_7.21, 6;
    %dup/vec4;
    %pushi/vec4 9, 0, 4;
    %cmp/u;
    %jmp/1 T_7.22, 6;
    %dup/vec4;
    %pushi/vec4 13, 0, 4;
    %cmp/u;
    %jmp/1 T_7.23, 6;
    %dup/vec4;
    %pushi/vec4 14, 0, 4;
    %cmp/u;
    %jmp/1 T_7.24, 6;
    %dup/vec4;
    %pushi/vec4 15, 0, 4;
    %cmp/u;
    %jmp/1 T_7.25, 6;
    %pushi/vec4 0, 0, 4;
    %assign/vec4 v0x5860e89675f0_0, 0;
    %pushi/vec4 512, 0, 12;
    %assign/vec4 v0x5860e8967030_0, 0;
    %pushi/vec4 512, 0, 12;
    %assign/vec4 v0x5860e8966950_0, 0;
    %jmp T_7.27;
T_7.10 ;
    %load/vec4 v0x5860e8966450_0;
    %flag_set/vec4 8;
    %jmp/0xz  T_7.28, 8;
    %load/vec4 v0x5860e8967030_0;
    %assign/vec4 v0x5860e8966950_0, 0;
    %pushi/vec4 1, 0, 4;
    %assign/vec4 v0x5860e89675f0_0, 0;
T_7.28 ;
    %jmp T_7.27;
T_7.11 ;
    %pushi/vec4 2, 0, 4;
    %assign/vec4 v0x5860e89675f0_0, 0;
    %jmp T_7.27;
T_7.12 ;
    %load/vec4 v0x5860e8966b10_0;
    %assign/vec4 v0x5860e8966e70_0, 0;
    %load/vec4 v0x5860e8967030_0;
    %addi 1, 0, 12;
    %assign/vec4 v0x5860e8966950_0, 0;
    %pushi/vec4 3, 0, 4;
    %assign/vec4 v0x5860e89675f0_0, 0;
    %jmp T_7.27;
T_7.13 ;
    %pushi/vec4 4, 0, 4;
    %assign/vec4 v0x5860e89675f0_0, 0;
    %jmp T_7.27;
T_7.14 ;
    %load/vec4 v0x5860e8966b10_0;
    %assign/vec4 v0x5860e8966f50_0, 0;
    %load/vec4 v0x5860e8966e70_0;
    %load/vec4 v0x5860e8966b10_0;
    %concat/vec4; draw_concat_vec4
    %assign/vec4 v0x5860e8966510_0, 0;
    %load/vec4 v0x5860e8967030_0;
    %addi 2, 0, 12;
    %assign/vec4 v0x5860e8967030_0, 0;
    %pushi/vec4 5, 0, 4;
    %assign/vec4 v0x5860e89675f0_0, 0;
    %jmp T_7.27;
T_7.15 ;
    %pushi/vec4 0, 0, 4;
    %assign/vec4 v0x5860e89675f0_0, 0;
    %load/vec4 v0x5860e8966510_0;
    %parti/s 4, 12, 5;
    %dup/vec4;
    %pushi/vec4 0, 0, 4;
    %cmp/u;
    %jmp/1 T_7.30, 6;
    %dup/vec4;
    %pushi/vec4 1, 0, 4;
    %cmp/u;
    %jmp/1 T_7.31, 6;
    %dup/vec4;
    %pushi/vec4 2, 0, 4;
    %cmp/u;
    %jmp/1 T_7.32, 6;
    %dup/vec4;
    %pushi/vec4 3, 0, 4;
    %cmp/u;
    %jmp/1 T_7.33, 6;
    %dup/vec4;
    %pushi/vec4 4, 0, 4;
    %cmp/u;
    %jmp/1 T_7.34, 6;
    %dup/vec4;
    %pushi/vec4 5, 0, 4;
    %cmp/u;
    %jmp/1 T_7.35, 6;
    %dup/vec4;
    %pushi/vec4 6, 0, 4;
    %cmp/u;
    %jmp/1 T_7.36, 6;
    %dup/vec4;
    %pushi/vec4 7, 0, 4;
    %cmp/u;
    %jmp/1 T_7.37, 6;
    %dup/vec4;
    %pushi/vec4 8, 0, 4;
    %cmp/u;
    %jmp/1 T_7.38, 6;
    %dup/vec4;
    %pushi/vec4 9, 0, 4;
    %cmp/u;
    %jmp/1 T_7.39, 6;
    %dup/vec4;
    %pushi/vec4 10, 0, 4;
    %cmp/u;
    %jmp/1 T_7.40, 6;
    %dup/vec4;
    %pushi/vec4 11, 0, 4;
    %cmp/u;
    %jmp/1 T_7.41, 6;
    %dup/vec4;
    %pushi/vec4 12, 0, 4;
    %cmp/u;
    %jmp/1 T_7.42, 6;
    %dup/vec4;
    %pushi/vec4 13, 0, 4;
    %cmp/u;
    %jmp/1 T_7.43, 6;
    %dup/vec4;
    %pushi/vec4 14, 0, 4;
    %cmp/u;
    %jmp/1 T_7.44, 6;
    %dup/vec4;
    %pushi/vec4 15, 0, 4;
    %cmp/u;
    %jmp/1 T_7.45, 6;
    %pushi/vec4 0, 0, 4;
    %assign/vec4 v0x5860e89675f0_0, 0;
    %jmp T_7.47;
T_7.30 ;
    %load/vec4 v0x5860e8966510_0;
    %dup/vec4;
    %pushi/vec4 224, 0, 16;
    %cmp/u;
    %jmp/1 T_7.48, 6;
    %dup/vec4;
    %pushi/vec4 238, 0, 16;
    %cmp/u;
    %jmp/1 T_7.49, 6;
    %jmp T_7.51;
T_7.48 ;
    %pushi/vec4 1, 0, 1;
    %assign/vec4 v0x5860e891a950_0, 0;
    %pushi/vec4 11, 0, 4;
    %assign/vec4 v0x5860e89675f0_0, 0;
    %jmp T_7.51;
T_7.49 ;
    %load/vec4 v0x5860e8967450_0;
    %subi 1, 0, 4;
    %assign/vec4 v0x5860e8967450_0, 0;
    %load/vec4 v0x5860e8967450_0;
    %pad/u 32;
    %subi 1, 0, 32;
    %ix/vec4 4;
    %load/vec4a v0x5860e8967530, 4;
    %assign/vec4 v0x5860e8967030_0, 0;
    %load/vec4 v0x5860e8967450_0;
    %pad/u 32;
    %subi 1, 0, 32;
    %ix/vec4 4;
    %load/vec4a v0x5860e8967530, 4;
    %assign/vec4 v0x5860e8966950_0, 0;
    %jmp T_7.51;
T_7.51 ;
    %pop/vec4 1;
    %jmp T_7.47;
T_7.31 ;
    %load/vec4 v0x5860e8966510_0;
    %parti/s 12, 0, 2;
    %assign/vec4 v0x5860e8967030_0, 0;
    %load/vec4 v0x5860e8966510_0;
    %parti/s 12, 0, 2;
    %assign/vec4 v0x5860e8966950_0, 0;
    %jmp T_7.47;
T_7.32 ;
    %load/vec4 v0x5860e8967030_0;
    %load/vec4 v0x5860e8967450_0;
    %pad/u 6;
    %ix/vec4 3;
    %ix/load 4, 0, 0; Constant delay
    %assign/vec4/a/d v0x5860e8967530, 0, 4;
    %load/vec4 v0x5860e8967450_0;
    %addi 1, 0, 4;
    %assign/vec4 v0x5860e8967450_0, 0;
    %load/vec4 v0x5860e8966510_0;
    %parti/s 12, 0, 2;
    %assign/vec4 v0x5860e8967030_0, 0;
    %load/vec4 v0x5860e8966510_0;
    %parti/s 12, 0, 2;
    %assign/vec4 v0x5860e8966950_0, 0;
    %jmp T_7.47;
T_7.33 ;
    %load/vec4 v0x5860e8966510_0;
    %parti/s 4, 8, 5;
    %pad/u 6;
    %ix/vec4 4;
    %load/vec4a v0x5860e893f4b0, 4;
    %load/vec4 v0x5860e8966510_0;
    %parti/s 8, 0, 2;
    %cmp/e;
    %jmp/0xz  T_7.52, 4;
    %load/vec4 v0x5860e8967030_0;
    %addi 2, 0, 12;
    %assign/vec4 v0x5860e8967030_0, 0;
    %load/vec4 v0x5860e8967030_0;
    %addi 2, 0, 12;
    %assign/vec4 v0x5860e8966950_0, 0;
T_7.52 ;
    %jmp T_7.47;
T_7.34 ;
    %load/vec4 v0x5860e8966510_0;
    %parti/s 4, 8, 5;
    %pad/u 6;
    %ix/vec4 4;
    %load/vec4a v0x5860e893f4b0, 4;
    %load/vec4 v0x5860e8966510_0;
    %parti/s 8, 0, 2;
    %cmp/ne;
    %jmp/0xz  T_7.54, 4;
    %load/vec4 v0x5860e8967030_0;
    %addi 2, 0, 12;
    %assign/vec4 v0x5860e8967030_0, 0;
    %load/vec4 v0x5860e8967030_0;
    %addi 2, 0, 12;
    %assign/vec4 v0x5860e8966950_0, 0;
T_7.54 ;
    %jmp T_7.47;
T_7.35 ;
    %load/vec4 v0x5860e8966510_0;
    %parti/s 4, 0, 2;
    %cmpi/e 0, 0, 4;
    %jmp/0xz  T_7.56, 4;
    %load/vec4 v0x5860e8966510_0;
    %parti/s 4, 8, 5;
    %pad/u 6;
    %ix/vec4 4;
    %load/vec4a v0x5860e893f4b0, 4;
    %load/vec4 v0x5860e8966510_0;
    %parti/s 4, 4, 4;
    %pad/u 6;
    %ix/vec4 4;
    %load/vec4a v0x5860e893f4b0, 4;
    %cmp/e;
    %jmp/0xz  T_7.58, 4;
    %load/vec4 v0x5860e8967030_0;
    %addi 2, 0, 12;
    %assign/vec4 v0x5860e8967030_0, 0;
    %load/vec4 v0x5860e8967030_0;
    %addi 2, 0, 12;
    %assign/vec4 v0x5860e8966950_0, 0;
T_7.58 ;
T_7.56 ;
    %jmp T_7.47;
T_7.36 ;
    %load/vec4 v0x5860e8966510_0;
    %parti/s 8, 0, 2;
    %load/vec4 v0x5860e8966510_0;
    %parti/s 4, 8, 5;
    %pad/u 6;
    %ix/vec4 3;
    %ix/load 4, 0, 0; Constant delay
    %assign/vec4/a/d v0x5860e893f4b0, 0, 4;
    %jmp T_7.47;
T_7.37 ;
    %load/vec4 v0x5860e8966510_0;
    %parti/s 4, 8, 5;
    %pad/u 6;
    %ix/vec4 4;
    %load/vec4a v0x5860e893f4b0, 4;
    %load/vec4 v0x5860e8966510_0;
    %parti/s 8, 0, 2;
    %add;
    %load/vec4 v0x5860e8966510_0;
    %parti/s 4, 8, 5;
    %pad/u 6;
    %ix/vec4 3;
    %ix/load 4, 0, 0; Constant delay
    %assign/vec4/a/d v0x5860e893f4b0, 0, 4;
    %jmp T_7.47;
T_7.38 ;
    %load/vec4 v0x5860e8966510_0;
    %parti/s 4, 0, 2;
    %dup/vec4;
    %pushi/vec4 0, 0, 4;
    %cmp/u;
    %jmp/1 T_7.60, 6;
    %dup/vec4;
    %pushi/vec4 1, 0, 4;
    %cmp/u;
    %jmp/1 T_7.61, 6;
    %dup/vec4;
    %pushi/vec4 2, 0, 4;
    %cmp/u;
    %jmp/1 T_7.62, 6;
    %dup/vec4;
    %pushi/vec4 3, 0, 4;
    %cmp/u;
    %jmp/1 T_7.63, 6;
    %dup/vec4;
    %pushi/vec4 4, 0, 4;
    %cmp/u;
    %jmp/1 T_7.64, 6;
    %dup/vec4;
    %pushi/vec4 5, 0, 4;
    %cmp/u;
    %jmp/1 T_7.65, 6;
    %dup/vec4;
    %pushi/vec4 6, 0, 4;
    %cmp/u;
    %jmp/1 T_7.66, 6;
    %dup/vec4;
    %pushi/vec4 7, 0, 4;
    %cmp/u;
    %jmp/1 T_7.67, 6;
    %dup/vec4;
    %pushi/vec4 14, 0, 4;
    %cmp/u;
    %jmp/1 T_7.68, 6;
    %jmp T_7.70;
T_7.60 ;
    %load/vec4 v0x5860e8966510_0;
    %parti/s 4, 4, 4;
    %pad/u 6;
    %ix/vec4 4;
    %load/vec4a v0x5860e893f4b0, 4;
    %load/vec4 v0x5860e8966510_0;
    %parti/s 4, 8, 5;
    %pad/u 6;
    %ix/vec4 3;
    %ix/load 4, 0, 0; Constant delay
    %assign/vec4/a/d v0x5860e893f4b0, 0, 4;
    %jmp T_7.70;
T_7.61 ;
    %load/vec4 v0x5860e8966510_0;
    %parti/s 4, 8, 5;
    %pad/u 6;
    %ix/vec4 4;
    %load/vec4a v0x5860e893f4b0, 4;
    %load/vec4 v0x5860e8966510_0;
    %parti/s 4, 4, 4;
    %pad/u 6;
    %ix/vec4 4;
    %load/vec4a v0x5860e893f4b0, 4;
    %or;
    %load/vec4 v0x5860e8966510_0;
    %parti/s 4, 8, 5;
    %pad/u 6;
    %ix/vec4 3;
    %ix/load 4, 0, 0; Constant delay
    %assign/vec4/a/d v0x5860e893f4b0, 0, 4;
    %jmp T_7.70;
T_7.62 ;
    %load/vec4 v0x5860e8966510_0;
    %parti/s 4, 8, 5;
    %pad/u 6;
    %ix/vec4 4;
    %load/vec4a v0x5860e893f4b0, 4;
    %load/vec4 v0x5860e8966510_0;
    %parti/s 4, 4, 4;
    %pad/u 6;
    %ix/vec4 4;
    %load/vec4a v0x5860e893f4b0, 4;
    %and;
    %load/vec4 v0x5860e8966510_0;
    %parti/s 4, 8, 5;
    %pad/u 6;
    %ix/vec4 3;
    %ix/load 4, 0, 0; Constant delay
    %assign/vec4/a/d v0x5860e893f4b0, 0, 4;
    %jmp T_7.70;
T_7.63 ;
    %load/vec4 v0x5860e8966510_0;
    %parti/s 4, 8, 5;
    %pad/u 6;
    %ix/vec4 4;
    %load/vec4a v0x5860e893f4b0, 4;
    %load/vec4 v0x5860e8966510_0;
    %parti/s 4, 4, 4;
    %pad/u 6;
    %ix/vec4 4;
    %load/vec4a v0x5860e893f4b0, 4;
    %xor;
    %load/vec4 v0x5860e8966510_0;
    %parti/s 4, 8, 5;
    %pad/u 6;
    %ix/vec4 3;
    %ix/load 4, 0, 0; Constant delay
    %assign/vec4/a/d v0x5860e893f4b0, 0, 4;
    %jmp T_7.70;
T_7.64 ;
    %load/vec4 v0x5860e8966510_0;
    %parti/s 4, 8, 5;
    %pad/u 6;
    %ix/vec4 4;
    %load/vec4a v0x5860e893f4b0, 4;
    %pad/u 9;
    %load/vec4 v0x5860e8966510_0;
    %parti/s 4, 4, 4;
    %pad/u 6;
    %ix/vec4 4;
    %load/vec4a v0x5860e893f4b0, 4;
    %pad/u 9;
    %add;
    %store/vec4 v0x5860e89676d0_0, 0, 9;
    %load/vec4 v0x5860e89676d0_0;
    %parti/s 8, 0, 2;
    %load/vec4 v0x5860e8966510_0;
    %parti/s 4, 8, 5;
    %pad/u 6;
    %ix/vec4 3;
    %ix/load 4, 0, 0; Constant delay
    %assign/vec4/a/d v0x5860e893f4b0, 0, 4;
    %pushi/vec4 0, 0, 7;
    %load/vec4 v0x5860e89676d0_0;
    %parti/s 1, 8, 5;
    %concat/vec4; draw_concat_vec4
    %ix/load 3, 15, 0;
    %flag_set/imm 4, 0;
    %ix/load 4, 0, 0; Constant delay
    %assign/vec4/a/d v0x5860e893f4b0, 0, 4;
    %jmp T_7.70;
T_7.65 ;
    %load/vec4 v0x5860e8966510_0;
    %parti/s 4, 8, 5;
    %pad/u 6;
    %ix/vec4 4;
    %load/vec4a v0x5860e893f4b0, 4;
    %load/vec4 v0x5860e8966510_0;
    %parti/s 4, 4, 4;
    %pad/u 6;
    %ix/vec4 4;
    %load/vec4a v0x5860e893f4b0, 4;
    %sub;
    %load/vec4 v0x5860e8966510_0;
    %parti/s 4, 8, 5;
    %pad/u 6;
    %ix/vec4 3;
    %ix/load 4, 0, 0; Constant delay
    %assign/vec4/a/d v0x5860e893f4b0, 0, 4;
    %pushi/vec4 0, 0, 7;
    %load/vec4 v0x5860e8966510_0;
    %parti/s 4, 4, 4;
    %pad/u 6;
    %ix/vec4 4;
    %load/vec4a v0x5860e893f4b0, 4;
    %load/vec4 v0x5860e8966510_0;
    %parti/s 4, 8, 5;
    %pad/u 6;
    %ix/vec4 4;
    %load/vec4a v0x5860e893f4b0, 4;
    %cmp/u;
    %flag_get/vec4 4;
    %flag_get/vec4 5;
    %or;
    %concat/vec4; draw_concat_vec4
    %ix/load 3, 15, 0;
    %flag_set/imm 4, 0;
    %ix/load 4, 0, 0; Constant delay
    %assign/vec4/a/d v0x5860e893f4b0, 0, 4;
    %jmp T_7.70;
T_7.66 ;
    %pushi/vec4 0, 0, 7;
    %load/vec4 v0x5860e8966510_0;
    %parti/s 4, 8, 5;
    %pad/u 6;
    %ix/vec4 4;
    %load/vec4a v0x5860e893f4b0, 4;
    %parti/s 1, 0, 2;
    %concat/vec4; draw_concat_vec4
    %ix/load 3, 15, 0;
    %flag_set/imm 4, 0;
    %ix/load 4, 0, 0; Constant delay
    %assign/vec4/a/d v0x5860e893f4b0, 0, 4;
    %load/vec4 v0x5860e8966510_0;
    %parti/s 4, 8, 5;
    %pad/u 6;
    %ix/vec4 4;
    %load/vec4a v0x5860e893f4b0, 4;
    %ix/load 4, 1, 0;
    %flag_set/imm 4, 0;
    %shiftr 4;
    %load/vec4 v0x5860e8966510_0;
    %parti/s 4, 8, 5;
    %pad/u 6;
    %ix/vec4 3;
    %ix/load 4, 0, 0; Constant delay
    %assign/vec4/a/d v0x5860e893f4b0, 0, 4;
    %jmp T_7.70;
T_7.67 ;
    %load/vec4 v0x5860e8966510_0;
    %parti/s 4, 4, 4;
    %pad/u 6;
    %ix/vec4 4;
    %load/vec4a v0x5860e893f4b0, 4;
    %load/vec4 v0x5860e8966510_0;
    %parti/s 4, 8, 5;
    %pad/u 6;
    %ix/vec4 4;
    %load/vec4a v0x5860e893f4b0, 4;
    %sub;
    %load/vec4 v0x5860e8966510_0;
    %parti/s 4, 8, 5;
    %pad/u 6;
    %ix/vec4 3;
    %ix/load 4, 0, 0; Constant delay
    %assign/vec4/a/d v0x5860e893f4b0, 0, 4;
    %pushi/vec4 0, 0, 7;
    %load/vec4 v0x5860e8966510_0;
    %parti/s 4, 8, 5;
    %pad/u 6;
    %ix/vec4 4;
    %load/vec4a v0x5860e893f4b0, 4;
    %load/vec4 v0x5860e8966510_0;
    %parti/s 4, 4, 4;
    %pad/u 6;
    %ix/vec4 4;
    %load/vec4a v0x5860e893f4b0, 4;
    %cmp/u;
    %flag_get/vec4 4;
    %flag_get/vec4 5;
    %or;
    %concat/vec4; draw_concat_vec4
    %ix/load 3, 15, 0;
    %flag_set/imm 4, 0;
    %ix/load 4, 0, 0; Constant delay
    %assign/vec4/a/d v0x5860e893f4b0, 0, 4;
    %jmp T_7.70;
T_7.68 ;
    %pushi/vec4 0, 0, 7;
    %load/vec4 v0x5860e8966510_0;
    %parti/s 4, 8, 5;
    %pad/u 6;
    %ix/vec4 4;
    %load/vec4a v0x5860e893f4b0, 4;
    %parti/s 1, 7, 4;
    %concat/vec4; draw_concat_vec4
    %ix/load 3, 15, 0;
    %flag_set/imm 4, 0;
    %ix/load 4, 0, 0; Constant delay
    %assign/vec4/a/d v0x5860e893f4b0, 0, 4;
    %load/vec4 v0x5860e8966510_0;
    %parti/s 4, 8, 5;
    %pad/u 6;
    %ix/vec4 4;
    %load/vec4a v0x5860e893f4b0, 4;
    %ix/load 4, 1, 0;
    %flag_set/imm 4, 0;
    %shiftl 4;
    %load/vec4 v0x5860e8966510_0;
    %parti/s 4, 8, 5;
    %pad/u 6;
    %ix/vec4 3;
    %ix/load 4, 0, 0; Constant delay
    %assign/vec4/a/d v0x5860e893f4b0, 0, 4;
    %jmp T_7.70;
T_7.70 ;
    %pop/vec4 1;
    %jmp T_7.47;
T_7.39 ;
    %load/vec4 v0x5860e8966510_0;
    %parti/s 4, 0, 2;
    %cmpi/e 0, 0, 4;
    %jmp/0xz  T_7.71, 4;
    %load/vec4 v0x5860e8966510_0;
    %parti/s 4, 8, 5;
    %pad/u 6;
    %ix/vec4 4;
    %load/vec4a v0x5860e893f4b0, 4;
    %load/vec4 v0x5860e8966510_0;
    %parti/s 4, 4, 4;
    %pad/u 6;
    %ix/vec4 4;
    %load/vec4a v0x5860e893f4b0, 4;
    %cmp/ne;
    %jmp/0xz  T_7.73, 4;
    %load/vec4 v0x5860e8967030_0;
    %addi 2, 0, 12;
    %assign/vec4 v0x5860e8967030_0, 0;
    %load/vec4 v0x5860e8967030_0;
    %addi 2, 0, 12;
    %assign/vec4 v0x5860e8966950_0, 0;
T_7.73 ;
T_7.71 ;
    %jmp T_7.47;
T_7.40 ;
    %load/vec4 v0x5860e8966510_0;
    %parti/s 12, 0, 2;
    %assign/vec4 v0x5860e8939870_0, 0;
    %jmp T_7.47;
T_7.41 ;
    %pushi/vec4 0, 0, 4;
    %ix/load 4, 0, 0;
    %flag_set/imm 4, 0;
    %load/vec4a v0x5860e893f4b0, 4;
    %concat/vec4; draw_concat_vec4
    %load/vec4 v0x5860e8966510_0;
    %parti/s 12, 0, 2;
    %add;
    %assign/vec4 v0x5860e8967030_0, 0;
    %pushi/vec4 0, 0, 4;
    %ix/load 4, 0, 0;
    %flag_set/imm 4, 0;
    %load/vec4a v0x5860e893f4b0, 4;
    %concat/vec4; draw_concat_vec4
    %load/vec4 v0x5860e8966510_0;
    %parti/s 12, 0, 2;
    %add;
    %assign/vec4 v0x5860e8966950_0, 0;
    %jmp T_7.47;
T_7.42 ;
    %load/vec4 v0x5860e8966870_0;
    %load/vec4 v0x5860e8966510_0;
    %parti/s 8, 0, 2;
    %and;
    %load/vec4 v0x5860e8966510_0;
    %parti/s 4, 8, 5;
    %pad/u 6;
    %ix/vec4 3;
    %ix/load 4, 0, 0; Constant delay
    %assign/vec4/a/d v0x5860e893f4b0, 0, 4;
    %jmp T_7.47;
T_7.43 ;
    %pushi/vec4 0, 0, 4;
    %assign/vec4 v0x5860e89660d0_0, 0;
    %load/vec4 v0x5860e8966510_0;
    %parti/s 4, 0, 2;
    %assign/vec4 v0x5860e8965ff0_0, 0;
    %pushi/vec4 0, 0, 1;
    %assign/vec4 v0x5860e8965f30_0, 0;
    %load/vec4 v0x5860e8966510_0;
    %parti/s 4, 8, 5;
    %pad/u 6;
    %ix/vec4 4;
    %load/vec4a v0x5860e893f4b0, 4;
    %parti/s 6, 0, 2;
    %assign/vec4 v0x5860e89661b0_0, 0;
    %load/vec4 v0x5860e8966510_0;
    %parti/s 4, 4, 4;
    %pad/u 6;
    %ix/vec4 4;
    %load/vec4a v0x5860e893f4b0, 4;
    %parti/s 5, 0, 2;
    %assign/vec4 v0x5860e8966290_0, 0;
    %load/vec4 v0x5860e8939870_0;
    %assign/vec4 v0x5860e8966950_0, 0;
    %pushi/vec4 6, 0, 4;
    %assign/vec4 v0x5860e89675f0_0, 0;
    %jmp T_7.47;
T_7.44 ;
    %load/vec4 v0x5860e8966510_0;
    %parti/s 8, 0, 2;
    %dup/vec4;
    %pushi/vec4 158, 0, 8;
    %cmp/u;
    %jmp/1 T_7.75, 6;
    %dup/vec4;
    %pushi/vec4 161, 0, 8;
    %cmp/u;
    %jmp/1 T_7.76, 6;
    %jmp T_7.78;
T_7.75 ;
    %load/vec4 v0x5860e8966790_0;
    %load/vec4 v0x5860e8966510_0;
    %parti/s 4, 8, 5;
    %pad/u 6;
    %ix/vec4 4;
    %load/vec4a v0x5860e893f4b0, 4;
    %parti/s 4, 0, 2;
    %part/u 1;
    %flag_set/vec4 8;
    %jmp/0xz  T_7.79, 8;
    %load/vec4 v0x5860e8967030_0;
    %addi 2, 0, 12;
    %assign/vec4 v0x5860e8967030_0, 0;
    %load/vec4 v0x5860e8967030_0;
    %addi 2, 0, 12;
    %assign/vec4 v0x5860e8966950_0, 0;
T_7.79 ;
    %jmp T_7.78;
T_7.76 ;
    %load/vec4 v0x5860e8966790_0;
    %load/vec4 v0x5860e8966510_0;
    %parti/s 4, 8, 5;
    %pad/u 6;
    %ix/vec4 4;
    %load/vec4a v0x5860e893f4b0, 4;
    %parti/s 4, 0, 2;
    %part/u 1;
    %nor/r;
    %flag_set/vec4 8;
    %jmp/0xz  T_7.81, 8;
    %load/vec4 v0x5860e8967030_0;
    %addi 2, 0, 12;
    %assign/vec4 v0x5860e8967030_0, 0;
    %load/vec4 v0x5860e8967030_0;
    %addi 2, 0, 12;
    %assign/vec4 v0x5860e8966950_0, 0;
T_7.81 ;
    %jmp T_7.78;
T_7.78 ;
    %pop/vec4 1;
    %jmp T_7.47;
T_7.45 ;
    %load/vec4 v0x5860e8966510_0;
    %parti/s 8, 0, 2;
    %dup/vec4;
    %pushi/vec4 7, 0, 8;
    %cmp/u;
    %jmp/1 T_7.83, 6;
    %dup/vec4;
    %pushi/vec4 10, 0, 8;
    %cmp/u;
    %jmp/1 T_7.84, 6;
    %dup/vec4;
    %pushi/vec4 21, 0, 8;
    %cmp/u;
    %jmp/1 T_7.85, 6;
    %dup/vec4;
    %pushi/vec4 24, 0, 8;
    %cmp/u;
    %jmp/1 T_7.86, 6;
    %dup/vec4;
    %pushi/vec4 30, 0, 8;
    %cmp/u;
    %jmp/1 T_7.87, 6;
    %dup/vec4;
    %pushi/vec4 41, 0, 8;
    %cmp/u;
    %jmp/1 T_7.88, 6;
    %dup/vec4;
    %pushi/vec4 51, 0, 8;
    %cmp/u;
    %jmp/1 T_7.89, 6;
    %dup/vec4;
    %pushi/vec4 85, 0, 8;
    %cmp/u;
    %jmp/1 T_7.90, 6;
    %dup/vec4;
    %pushi/vec4 101, 0, 8;
    %cmp/u;
    %jmp/1 T_7.91, 6;
    %jmp T_7.93;
T_7.83 ;
    %load/vec4 v0x5860e8919b90_0;
    %load/vec4 v0x5860e8966510_0;
    %parti/s 4, 8, 5;
    %pad/u 6;
    %ix/vec4 3;
    %ix/load 4, 0, 0; Constant delay
    %assign/vec4/a/d v0x5860e893f4b0, 0, 4;
    %jmp T_7.93;
T_7.84 ;
    %load/vec4 v0x5860e89666d0_0;
    %flag_set/vec4 8;
    %jmp/0xz  T_7.94, 8;
    %pushi/vec4 0, 0, 4;
    %load/vec4 v0x5860e8967110_0;
    %concat/vec4; draw_concat_vec4
    %load/vec4 v0x5860e8966510_0;
    %parti/s 4, 8, 5;
    %pad/u 6;
    %ix/vec4 3;
    %ix/load 4, 0, 0; Constant delay
    %assign/vec4/a/d v0x5860e893f4b0, 0, 4;
    %jmp T_7.95;
T_7.94 ;
    %load/vec4 v0x5860e8967030_0;
    %subi 2, 0, 12;
    %assign/vec4 v0x5860e8967030_0, 0;
    %load/vec4 v0x5860e8967030_0;
    %subi 2, 0, 12;
    %assign/vec4 v0x5860e8966950_0, 0;
T_7.95 ;
    %jmp T_7.93;
T_7.85 ;
    %load/vec4 v0x5860e8966510_0;
    %parti/s 4, 8, 5;
    %pad/u 6;
    %ix/vec4 4;
    %load/vec4a v0x5860e893f4b0, 4;
    %assign/vec4 v0x5860e8919b90_0, 0;
    %jmp T_7.93;
T_7.86 ;
    %load/vec4 v0x5860e8966510_0;
    %parti/s 4, 8, 5;
    %pad/u 6;
    %ix/vec4 4;
    %load/vec4a v0x5860e893f4b0, 4;
    %assign/vec4 v0x5860e8967370_0, 0;
    %jmp T_7.93;
T_7.87 ;
    %load/vec4 v0x5860e8939870_0;
    %pushi/vec4 0, 0, 4;
    %load/vec4 v0x5860e8966510_0;
    %parti/s 4, 8, 5;
    %pad/u 6;
    %ix/vec4 4;
    %load/vec4a v0x5860e893f4b0, 4;
    %concat/vec4; draw_concat_vec4
    %add;
    %assign/vec4 v0x5860e8939870_0, 0;
    %jmp T_7.93;
T_7.88 ;
    %pushi/vec4 0, 0, 4;
    %load/vec4 v0x5860e8966510_0;
    %parti/s 4, 8, 5;
    %pad/u 6;
    %ix/vec4 4;
    %load/vec4a v0x5860e893f4b0, 4;
    %concat/vec4; draw_concat_vec4
    %muli 5, 0, 12;
    %assign/vec4 v0x5860e8939870_0, 0;
    %jmp T_7.93;
T_7.89 ;
    %jmp T_7.93;
T_7.90 ;
    %pushi/vec4 0, 0, 4;
    %assign/vec4 v0x5860e8967950_0, 0;
    %load/vec4 v0x5860e8966510_0;
    %parti/s 4, 8, 5;
    %assign/vec4 v0x5860e8967a30_0, 0;
    %load/vec4 v0x5860e8939870_0;
    %assign/vec4 v0x5860e8966bf0_0, 0;
    %ix/load 4, 0, 0;
    %flag_set/imm 4, 0;
    %load/vec4a v0x5860e893f4b0, 4;
    %assign/vec4 v0x5860e8966cd0_0, 0;
    %pushi/vec4 1, 0, 1;
    %assign/vec4 v0x5860e8966db0_0, 0;
    %pushi/vec4 13, 0, 4;
    %assign/vec4 v0x5860e89675f0_0, 0;
    %jmp T_7.93;
T_7.91 ;
    %pushi/vec4 0, 0, 4;
    %assign/vec4 v0x5860e8967950_0, 0;
    %load/vec4 v0x5860e8966510_0;
    %parti/s 4, 8, 5;
    %assign/vec4 v0x5860e8967a30_0, 0;
    %load/vec4 v0x5860e8939870_0;
    %assign/vec4 v0x5860e8966950_0, 0;
    %pushi/vec4 14, 0, 4;
    %assign/vec4 v0x5860e89675f0_0, 0;
    %jmp T_7.93;
T_7.93 ;
    %pop/vec4 1;
    %jmp T_7.47;
T_7.47 ;
    %pop/vec4 1;
    %jmp T_7.27;
T_7.16 ;
    %pushi/vec4 7, 0, 4;
    %assign/vec4 v0x5860e89675f0_0, 0;
    %jmp T_7.27;
T_7.17 ;
    %load/vec4 v0x5860e891a8b0_0;
    %nor/r;
    %flag_set/vec4 8;
    %jmp/0xz  T_7.96, 8;
    %load/vec4 v0x5860e89661b0_0;
    %assign/vec4 v0x5860e8965d70_0, 0;
    %load/vec4 v0x5860e8966290_0;
    %load/vec4 v0x5860e89660d0_0;
    %pad/u 5;
    %add;
    %assign/vec4 v0x5860e8965e50_0, 0;
    %load/vec4 v0x5860e8966b10_0;
    %assign/vec4 v0x5860e8965c90_0, 0;
    %pushi/vec4 1, 0, 1;
    %assign/vec4 v0x5860e8965bd0_0, 0;
    %pushi/vec4 8, 0, 4;
    %assign/vec4 v0x5860e89675f0_0, 0;
T_7.96 ;
    %jmp T_7.27;
T_7.18 ;
    %pushi/vec4 0, 0, 1;
    %assign/vec4 v0x5860e8965bd0_0, 0;
    %pushi/vec4 10, 0, 4;
    %assign/vec4 v0x5860e89675f0_0, 0;
    %jmp T_7.27;
T_7.19 ;
    %load/vec4 v0x5860e891a8b0_0;
    %nor/r;
    %flag_set/vec4 8;
    %jmp/0xz  T_7.98, 8;
    %load/vec4 v0x5860e8965f30_0;
    %load/vec4 v0x5860e8965b10_0;
    %or;
    %assign/vec4 v0x5860e8965f30_0, 0;
    %load/vec4 v0x5860e89660d0_0;
    %pad/u 32;
    %addi 1, 0, 32;
    %load/vec4 v0x5860e8965ff0_0;
    %pad/u 32;
    %cmp/e;
    %jmp/0xz  T_7.100, 4;
    %pushi/vec4 9, 0, 4;
    %assign/vec4 v0x5860e89675f0_0, 0;
    %jmp T_7.101;
T_7.100 ;
    %load/vec4 v0x5860e89660d0_0;
    %addi 1, 0, 4;
    %assign/vec4 v0x5860e89660d0_0, 0;
    %load/vec4 v0x5860e8939870_0;
    %load/vec4 v0x5860e89660d0_0;
    %pad/u 12;
    %add;
    %addi 1, 0, 12;
    %assign/vec4 v0x5860e8966950_0, 0;
    %pushi/vec4 6, 0, 4;
    %assign/vec4 v0x5860e89675f0_0, 0;
T_7.101 ;
T_7.98 ;
    %jmp T_7.27;
T_7.20 ;
    %pushi/vec4 0, 0, 1;
    %assign/vec4 v0x5860e891a950_0, 0;
    %pushi/vec4 12, 0, 4;
    %assign/vec4 v0x5860e89675f0_0, 0;
    %jmp T_7.27;
T_7.21 ;
    %load/vec4 v0x5860e891a8b0_0;
    %nor/r;
    %flag_set/vec4 8;
    %jmp/0xz  T_7.102, 8;
    %pushi/vec4 0, 0, 4;
    %assign/vec4 v0x5860e89675f0_0, 0;
T_7.102 ;
    %jmp T_7.27;
T_7.22 ;
    %pushi/vec4 0, 0, 7;
    %load/vec4 v0x5860e8965f30_0;
    %concat/vec4; draw_concat_vec4
    %ix/load 3, 15, 0;
    %flag_set/imm 4, 0;
    %ix/load 4, 0, 0; Constant delay
    %assign/vec4/a/d v0x5860e893f4b0, 0, 4;
    %load/vec4 v0x5860e8967030_0;
    %assign/vec4 v0x5860e8966950_0, 0;
    %pushi/vec4 0, 0, 4;
    %assign/vec4 v0x5860e89675f0_0, 0;
    %jmp T_7.27;
T_7.23 ;
    %load/vec4 v0x5860e8967950_0;
    %load/vec4 v0x5860e8967a30_0;
    %cmp/e;
    %jmp/0xz  T_7.104, 4;
    %load/vec4 v0x5860e8967030_0;
    %assign/vec4 v0x5860e8966950_0, 0;
    %pushi/vec4 0, 0, 4;
    %assign/vec4 v0x5860e89675f0_0, 0;
    %jmp T_7.105;
T_7.104 ;
    %load/vec4 v0x5860e8967950_0;
    %addi 1, 0, 4;
    %assign/vec4 v0x5860e8967950_0, 0;
    %load/vec4 v0x5860e8939870_0;
    %pushi/vec4 0, 0, 8;
    %load/vec4 v0x5860e8967950_0;
    %concat/vec4; draw_concat_vec4
    %add;
    %addi 1, 0, 12;
    %assign/vec4 v0x5860e8966bf0_0, 0;
    %load/vec4 v0x5860e8967950_0;
    %addi 1, 0, 4;
    %pad/u 6;
    %ix/vec4 4;
    %load/vec4a v0x5860e893f4b0, 4;
    %assign/vec4 v0x5860e8966cd0_0, 0;
    %pushi/vec4 1, 0, 1;
    %assign/vec4 v0x5860e8966db0_0, 0;
T_7.105 ;
    %jmp T_7.27;
T_7.24 ;
    %pushi/vec4 15, 0, 4;
    %assign/vec4 v0x5860e89675f0_0, 0;
    %jmp T_7.27;
T_7.25 ;
    %load/vec4 v0x5860e8966b10_0;
    %load/vec4 v0x5860e8967950_0;
    %pad/u 6;
    %ix/vec4 3;
    %ix/load 4, 0, 0; Constant delay
    %assign/vec4/a/d v0x5860e893f4b0, 0, 4;
    %load/vec4 v0x5860e8967950_0;
    %load/vec4 v0x5860e8967a30_0;
    %cmp/e;
    %jmp/0xz  T_7.106, 4;
    %load/vec4 v0x5860e8967030_0;
    %assign/vec4 v0x5860e8966950_0, 0;
    %pushi/vec4 0, 0, 4;
    %assign/vec4 v0x5860e89675f0_0, 0;
    %jmp T_7.107;
T_7.106 ;
    %load/vec4 v0x5860e8967950_0;
    %addi 1, 0, 4;
    %assign/vec4 v0x5860e8967950_0, 0;
    %load/vec4 v0x5860e8939870_0;
    %pushi/vec4 0, 0, 8;
    %load/vec4 v0x5860e8967950_0;
    %concat/vec4; draw_concat_vec4
    %add;
    %addi 1, 0, 12;
    %assign/vec4 v0x5860e8966950_0, 0;
    %pushi/vec4 14, 0, 4;
    %assign/vec4 v0x5860e89675f0_0, 0;
T_7.107 ;
    %jmp T_7.27;
T_7.27 ;
    %pop/vec4 1;
T_7.1 ;
    %jmp T_7;
    .thread T_7;
    .scope S_0x5860e896c560;
T_8 ;
    %pushi/vec4 0, 0, 32;
    %store/vec4 v0x5860e896c960_0, 0, 32;
T_8.0 ;
    %load/vec4 v0x5860e896c960_0;
    %cmpi/s 4096, 0, 32;
    %jmp/0xz T_8.1, 5;
    %pushi/vec4 0, 0, 8;
    %ix/getv/s 4, v0x5860e896c960_0;
    %store/vec4a v0x5860e896ca40, 4, 0;
    %load/vec4 v0x5860e896c960_0;
    %addi 1, 0, 32;
    %store/vec4 v0x5860e896c960_0, 0, 32;
    %jmp T_8.0;
T_8.1 ;
    %vpi_call/w 9 39 "$readmemh", P_0x5860e896c740, v0x5860e896ca40, 12'b001000000000 {0 0 0};
    %end;
    .thread T_8;
    .scope S_0x5860e896c560;
T_9 ;
    %wait E_0x5860e89682c0;
    %load/vec4 v0x5860e896cae0_0;
    %pad/u 14;
    %ix/vec4 4;
    %load/vec4a v0x5860e896ca40, 4;
    %assign/vec4 v0x5860e896cc70_0, 0;
    %load/vec4 v0x5860e896cef0_0;
    %flag_set/vec4 8;
    %jmp/0xz  T_9.0, 8;
    %load/vec4 v0x5860e896ce20_0;
    %load/vec4 v0x5860e896cd30_0;
    %pad/u 14;
    %ix/vec4 3;
    %ix/load 4, 0, 0; Constant delay
    %assign/vec4/a/d v0x5860e896ca40, 0, 4;
T_9.0 ;
    %jmp T_9;
    .thread T_9;
    .scope S_0x5860e8967d30;
T_10 ;
    %wait E_0x5860e89682c0;
    %load/vec4 v0x5860e896a9a0_0;
    %flag_set/vec4 8;
    %jmp/0xz  T_10.0, 8;
    %load/vec4 v0x5860e896ab00_0;
    %assign/vec4 v0x5860e896a710_0, 0;
    %load/vec4 v0x5860e8969030_0;
    %assign/vec4 v0x5860e896a7f0_0, 0;
T_10.0 ;
    %jmp T_10;
    .thread T_10;
    .scope S_0x5860e8967d30;
T_11 ;
    %wait E_0x5860e89682c0;
    %load/vec4 v0x5860e8969660_0;
    %assign/vec4 v0x5860e896a3d0_0, 0;
    %load/vec4 v0x5860e896a590_0;
    %flag_set/vec4 8;
    %jmp/0xz  T_11.0, 8;
    %load/vec4 v0x5860e89695c0_0;
    %flag_set/vec4 8;
    %jmp/0xz  T_11.2, 8;
    %load/vec4 v0x5860e896a4b0_0;
    %load/vec4 v0x5860e896a2f0_0;
    %pad/u 7;
    %ix/vec4 3;
    %ix/load 4, 0, 0; Constant delay
    %assign/vec4/a/d v0x5860e896a070, 0, 4;
    %jmp T_11.3;
T_11.2 ;
    %load/vec4 v0x5860e896a4b0_0;
    %load/vec4 v0x5860e896a2f0_0;
    %pad/u 7;
    %ix/vec4 3;
    %ix/load 4, 0, 0; Constant delay
    %assign/vec4/a/d v0x5860e8969da0, 0, 4;
T_11.3 ;
T_11.0 ;
    %jmp T_11;
    .thread T_11;
    .scope S_0x5860e8967d30;
T_12 ;
    %wait E_0x5860e8950740;
    %pushi/vec4 0, 0, 64;
    %store/vec4 v0x5860e896a210_0, 0, 64;
    %pushi/vec4 0, 0, 32;
    %store/vec4 v0x5860e896a130_0, 0, 32;
T_12.0 ;
    %load/vec4 v0x5860e896a130_0;
    %cmpi/s 8, 0, 32;
    %jmp/0xz T_12.1, 5;
    %load/vec4 v0x5860e8969a60_0;
    %pad/u 32;
    %load/vec4 v0x5860e896a130_0;
    %add;
    %cmpi/u 64, 0, 32;
    %jmp/0xz  T_12.2, 5;
    %load/vec4 v0x5860e89698b0_0;
    %pushi/vec4 7, 0, 32;
    %load/vec4 v0x5860e896a130_0;
    %sub;
    %part/s 1;
    %load/vec4 v0x5860e8969a60_0;
    %pad/u 32;
    %load/vec4 v0x5860e896a130_0;
    %add;
    %ix/vec4 4;
    %store/vec4 v0x5860e896a210_0, 4, 1;
T_12.2 ;
    %load/vec4 v0x5860e896a130_0;
    %addi 1, 0, 32;
    %store/vec4 v0x5860e896a130_0, 0, 32;
    %jmp T_12.0;
T_12.1 ;
    %jmp T_12;
    .thread T_12, $push;
    .scope S_0x5860e8967d30;
T_13 ;
    %wait E_0x5860e8950560;
    %load/vec4 v0x5860e8969c20_0;
    %store/vec4 v0x5860e896a2f0_0, 0, 5;
    %pushi/vec4 0, 0, 1;
    %store/vec4 v0x5860e896a590_0, 0, 1;
    %pushi/vec4 0, 0, 64;
    %store/vec4 v0x5860e896a4b0_0, 0, 64;
    %load/vec4 v0x5860e8969360_0;
    %flag_set/vec4 8;
    %jmp/0xz  T_13.0, 8;
    %load/vec4 v0x5860e89692a0_0;
    %store/vec4 v0x5860e896a2f0_0, 0, 5;
    %pushi/vec4 1, 0, 1;
    %store/vec4 v0x5860e896a590_0, 0, 1;
    %pushi/vec4 0, 0, 64;
    %store/vec4 v0x5860e896a4b0_0, 0, 64;
    %jmp T_13.1;
T_13.0 ;
    %load/vec4 v0x5860e89699a0_0;
    %cmpi/e 2, 0, 2;
    %jmp/0xz  T_13.2, 4;
    %pushi/vec4 1, 0, 1;
    %store/vec4 v0x5860e896a590_0, 0, 1;
    %load/vec4 v0x5860e896a3d0_0;
    %load/vec4 v0x5860e89697f0_0;
    %xor;
    %store/vec4 v0x5860e896a4b0_0, 0, 64;
T_13.2 ;
T_13.1 ;
    %jmp T_13;
    .thread T_13, $push;
    .scope S_0x5860e8967d30;
T_14 ;
    %wait E_0x5860e8886cd0;
    %load/vec4 v0x5860e896a8d0_0;
    %nor/r;
    %flag_set/vec4 8;
    %jmp/0xz  T_14.0, 8;
    %pushi/vec4 0, 0, 1;
    %assign/vec4 v0x5860e89694f0_0, 0;
    %pushi/vec4 1, 0, 1;
    %assign/vec4 v0x5860e8969360_0, 0;
    %pushi/vec4 0, 0, 5;
    %assign/vec4 v0x5860e89692a0_0, 0;
    %pushi/vec4 0, 0, 2;
    %assign/vec4 v0x5860e89699a0_0, 0;
    %pushi/vec4 0, 0, 5;
    %assign/vec4 v0x5860e8969c20_0, 0;
    %pushi/vec4 0, 0, 64;
    %assign/vec4 v0x5860e89697f0_0, 0;
    %pushi/vec4 0, 0, 1;
    %assign/vec4 v0x5860e89695c0_0, 0;
    %pushi/vec4 1, 0, 1;
    %assign/vec4 v0x5860e896aa40_0, 0;
    %jmp T_14.1;
T_14.0 ;
    %load/vec4 v0x5860e89691d0_0;
    %flag_set/vec4 8;
    %jmp/0xz  T_14.2, 8;
    %pushi/vec4 0, 0, 1;
    %assign/vec4 v0x5860e89694f0_0, 0;
    %pushi/vec4 1, 0, 1;
    %assign/vec4 v0x5860e8969360_0, 0;
    %pushi/vec4 0, 0, 5;
    %assign/vec4 v0x5860e89692a0_0, 0;
    %pushi/vec4 0, 0, 2;
    %assign/vec4 v0x5860e89699a0_0, 0;
    %jmp T_14.3;
T_14.2 ;
    %load/vec4 v0x5860e8969360_0;
    %flag_set/vec4 8;
    %jmp/0xz  T_14.4, 8;
    %load/vec4 v0x5860e89692a0_0;
    %cmpi/e 31, 0, 5;
    %jmp/0xz  T_14.6, 4;
    %pushi/vec4 0, 0, 1;
    %assign/vec4 v0x5860e8969360_0, 0;
    %load/vec4 v0x5860e89695c0_0;
    %assign/vec4 v0x5860e896aa40_0, 0;
    %load/vec4 v0x5860e89695c0_0;
    %inv;
    %assign/vec4 v0x5860e89695c0_0, 0;
    %jmp T_14.7;
T_14.6 ;
    %load/vec4 v0x5860e89692a0_0;
    %addi 1, 0, 5;
    %assign/vec4 v0x5860e89692a0_0, 0;
T_14.7 ;
    %jmp T_14.5;
T_14.4 ;
    %load/vec4 v0x5860e8969ce0_0;
    %flag_set/vec4 9;
    %flag_get/vec4 9;
    %jmp/0 T_14.10, 9;
    %load/vec4 v0x5860e89699a0_0;
    %pushi/vec4 0, 0, 2;
    %cmp/e;
    %flag_get/vec4 4;
    %and;
T_14.10;
    %flag_set/vec4 8;
    %jmp/0xz  T_14.8, 8;
    %load/vec4 v0x5860e89695c0_0;
    %assign/vec4 v0x5860e896aa40_0, 0;
    %load/vec4 v0x5860e89695c0_0;
    %inv;
    %assign/vec4 v0x5860e89695c0_0, 0;
T_14.8 ;
    %load/vec4 v0x5860e89699a0_0;
    %dup/vec4;
    %pushi/vec4 0, 0, 2;
    %cmp/u;
    %jmp/1 T_14.11, 6;
    %dup/vec4;
    %pushi/vec4 1, 0, 2;
    %cmp/u;
    %jmp/1 T_14.12, 6;
    %dup/vec4;
    %pushi/vec4 2, 0, 2;
    %cmp/u;
    %jmp/1 T_14.13, 6;
    %pushi/vec4 0, 0, 2;
    %assign/vec4 v0x5860e89699a0_0, 0;
    %jmp T_14.15;
T_14.11 ;
    %load/vec4 v0x5860e8969720_0;
    %flag_set/vec4 8;
    %jmp/0xz  T_14.16, 8;
    %load/vec4 v0x5860e8969b50_0;
    %assign/vec4 v0x5860e8969c20_0, 0;
    %load/vec4 v0x5860e896a210_0;
    %assign/vec4 v0x5860e89697f0_0, 0;
    %pushi/vec4 1, 0, 2;
    %assign/vec4 v0x5860e89699a0_0, 0;
T_14.16 ;
    %jmp T_14.15;
T_14.12 ;
    %pushi/vec4 2, 0, 2;
    %assign/vec4 v0x5860e89699a0_0, 0;
    %jmp T_14.15;
T_14.13 ;
    %load/vec4 v0x5860e896a3d0_0;
    %load/vec4 v0x5860e89697f0_0;
    %and;
    %or/r;
    %assign/vec4 v0x5860e89694f0_0, 0;
    %pushi/vec4 0, 0, 2;
    %assign/vec4 v0x5860e89699a0_0, 0;
    %jmp T_14.15;
T_14.15 ;
    %pop/vec4 1;
T_14.5 ;
T_14.3 ;
T_14.1 ;
    %jmp T_14;
    .thread T_14;
    .scope S_0x5860e896d640;
T_15 ;
    %wait E_0x5860e8886cd0;
    %load/vec4 v0x5860e896fae0_0;
    %nor/r;
    %flag_set/vec4 8;
    %jmp/0xz  T_15.0, 8;
    %pushi/vec4 0, 0, 3;
    %assign/vec4 v0x5860e896fa00_0, 0;
    %jmp T_15.1;
T_15.0 ;
    %load/vec4 v0x5860e896fb80_0;
    %flag_set/vec4 8;
    %jmp/0xz  T_15.2, 8;
    %load/vec4 v0x5860e896fd00_0;
    %flag_set/vec4 10;
    %flag_get/vec4 10;
    %jmp/0 T_15.7, 10;
    %load/vec4 v0x5860e896f2b0_0;
    %and;
T_15.7;
    %flag_set/vec4 9;
    %flag_get/vec4 9;
    %jmp/0 T_15.6, 9;
    %load/vec4 v0x5860e896f680_0;
    %and;
T_15.6;
    %flag_set/vec4 8;
    %jmp/0xz  T_15.4, 8;
    %pushi/vec4 7, 0, 3;
    %assign/vec4 v0x5860e896fa00_0, 0;
    %jmp T_15.5;
T_15.4 ;
    %pushi/vec4 0, 0, 3;
    %assign/vec4 v0x5860e896fa00_0, 0;
T_15.5 ;
T_15.2 ;
T_15.1 ;
    %jmp T_15;
    .thread T_15;
    .scope S_0x5860e894ac60;
T_16 ;
    %wait E_0x5860e89682c0;
    %load/vec4 v0x5860e8974690_0;
    %nor/r;
    %flag_set/vec4 8;
    %jmp/0xz  T_16.0, 8;
    %pushi/vec4 0, 0, 32;
    %assign/vec4 v0x5860e8972320_0, 0;
    %pushi/vec4 0, 0, 1;
    %assign/vec4 v0x5860e8972410_0, 0;
    %jmp T_16.1;
T_16.0 ;
    %load/vec4 v0x5860e8974550_0;
    %nor/r;
    %flag_set/vec4 8;
    %jmp/0xz  T_16.2, 8;
    %pushi/vec4 0, 0, 32;
    %assign/vec4 v0x5860e8972320_0, 0;
    %pushi/vec4 0, 0, 1;
    %assign/vec4 v0x5860e8972410_0, 0;
    %jmp T_16.3;
T_16.2 ;
    %load/vec4 v0x5860e8972320_0;
    %cmpi/e 24999, 0, 32;
    %jmp/0xz  T_16.4, 4;
    %pushi/vec4 0, 0, 32;
    %assign/vec4 v0x5860e8972320_0, 0;
    %load/vec4 v0x5860e8972410_0;
    %inv;
    %assign/vec4 v0x5860e8972410_0, 0;
    %jmp T_16.5;
T_16.4 ;
    %load/vec4 v0x5860e8972320_0;
    %addi 1, 0, 32;
    %assign/vec4 v0x5860e8972320_0, 0;
T_16.5 ;
T_16.3 ;
T_16.1 ;
    %jmp T_16;
    .thread T_16;
    .scope S_0x5860e894ac60;
T_17 ;
    %wait E_0x5860e8886cd0;
    %load/vec4 v0x5860e8974690_0;
    %nor/r;
    %flag_set/vec4 8;
    %jmp/0xz  T_17.0, 8;
    %pushi/vec4 0, 0, 25;
    %assign/vec4 v0x5860e89734d0_0, 0;
    %pushi/vec4 0, 0, 1;
    %assign/vec4 v0x5860e89735b0_0, 0;
    %jmp T_17.1;
T_17.0 ;
    %load/vec4 v0x5860e89734d0_0;
    %cmpi/e 24999999, 0, 25;
    %jmp/0xz  T_17.2, 4;
    %pushi/vec4 0, 0, 25;
    %assign/vec4 v0x5860e89734d0_0, 0;
    %load/vec4 v0x5860e89735b0_0;
    %inv;
    %assign/vec4 v0x5860e89735b0_0, 0;
    %jmp T_17.3;
T_17.2 ;
    %load/vec4 v0x5860e89734d0_0;
    %addi 1, 0, 25;
    %assign/vec4 v0x5860e89734d0_0, 0;
T_17.3 ;
T_17.1 ;
    %jmp T_17;
    .thread T_17;
    .scope S_0x5860e894ac60;
T_18 ;
    %wait E_0x5860e8886cd0;
    %load/vec4 v0x5860e8974690_0;
    %nor/r;
    %flag_set/vec4 8;
    %jmp/0xz  T_18.0, 8;
    %pushi/vec4 0, 0, 26;
    %assign/vec4 v0x5860e8973670_0, 0;
    %pushi/vec4 0, 0, 1;
    %assign/vec4 v0x5860e8973750_0, 0;
    %jmp T_18.1;
T_18.0 ;
    %load/vec4 v0x5860e8973670_0;
    %pad/u 32;
    %cmpi/e 71427, 0, 32;
    %jmp/0xz  T_18.2, 4;
    %pushi/vec4 0, 0, 26;
    %assign/vec4 v0x5860e8973670_0, 0;
    %pushi/vec4 1, 0, 1;
    %assign/vec4 v0x5860e8973750_0, 0;
    %jmp T_18.3;
T_18.2 ;
    %load/vec4 v0x5860e8973670_0;
    %addi 1, 0, 26;
    %assign/vec4 v0x5860e8973670_0, 0;
    %pushi/vec4 0, 0, 1;
    %assign/vec4 v0x5860e8973750_0, 0;
T_18.3 ;
T_18.1 ;
    %jmp T_18;
    .thread T_18;
    .scope S_0x5860e8949c30;
T_19 ;
    %pushi/vec4 0, 0, 1;
    %store/vec4 v0x5860e8974cc0_0, 0, 1;
    %pushi/vec4 0, 0, 1;
    %store/vec4 v0x5860e8975440_0, 0, 1;
    %pushi/vec4 1, 0, 1;
    %store/vec4 v0x5860e89753a0_0, 0, 1;
    %pushi/vec4 1, 0, 1;
    %store/vec4 v0x5860e8975120_0, 0, 1;
    %pushi/vec4 1, 0, 1;
    %store/vec4 v0x5860e8975210_0, 0, 1;
    %pushi/vec4 0, 0, 32;
    %store/vec4 v0x5860e89758c0_0, 0, 32;
    %pushi/vec4 0, 0, 32;
    %store/vec4 v0x5860e8974e20_0, 0, 32;
    %pushi/vec4 0, 0, 32;
    %store/vec4 v0x5860e89754e0_0, 0, 32;
    %pushi/vec4 0, 0, 32;
    %store/vec4 v0x5860e8974d80_0, 0, 32;
    %pushi/vec4 0, 0, 32;
    %store/vec4 v0x5860e8975040_0, 0, 32;
    %pushi/vec4 0, 0, 32;
    %store/vec4 v0x5860e8975800_0, 0, 32;
    %end;
    .thread T_19, $init;
    .scope S_0x5860e8949c30;
T_20 ;
    %delay 10000, 0;
    %load/vec4 v0x5860e8974cc0_0;
    %inv;
    %store/vec4 v0x5860e8974cc0_0, 0, 1;
    %jmp T_20;
    .thread T_20;
    .scope S_0x5860e8949c30;
T_21 ;
    %wait E_0x5860e8886960;
    %load/vec4 v0x5860e8975440_0;
    %flag_set/vec4 8;
    %jmp/0xz  T_21.0, 8;
    %load/vec4 v0x5860e8975040_0;
    %addi 1, 0, 32;
    %store/vec4 v0x5860e8975040_0, 0, 32;
T_21.0 ;
    %jmp T_21;
    .thread T_21;
    .scope S_0x5860e8949c30;
T_22 ;
    %wait E_0x5860e8884d40;
    %load/vec4 v0x5860e8975440_0;
    %flag_set/vec4 8;
    %jmp/0xz  T_22.0, 8;
    %load/vec4 v0x5860e8975800_0;
    %addi 1, 0, 32;
    %store/vec4 v0x5860e8975800_0, 0, 32;
    %load/vec4 v0x5860e8974d80_0;
    %addi 1, 0, 32;
    %store/vec4 v0x5860e8974d80_0, 0, 32;
T_22.0 ;
    %jmp T_22;
    .thread T_22;
    .scope S_0x5860e8949c30;
T_23 ;
    %wait E_0x5860e89682c0;
    %load/vec4 v0x5860e8975440_0;
    %flag_set/vec4 11;
    %flag_get/vec4 11;
    %jmp/0 T_23.4, 11;
    %load/vec4 v0x5860e8975300_0;
    %and;
T_23.4;
    %flag_set/vec4 10;
    %flag_get/vec4 10;
    %jmp/0 T_23.3, 10;
    %load/vec4 v0x5860e8974f00_0;
    %and;
T_23.3;
    %flag_set/vec4 9;
    %flag_get/vec4 9;
    %jmp/0 T_23.2, 9;
    %load/vec4 v0x5860e8974bb0_0;
    %and;
T_23.2;
    %flag_set/vec4 8;
    %jmp/0xz  T_23.0, 8;
    %load/vec4 v0x5860e89758c0_0;
    %addi 1, 0, 32;
    %store/vec4 v0x5860e89758c0_0, 0, 32;
    %load/vec4 v0x5860e8974d80_0;
    %cmpi/e 1, 0, 32;
    %jmp/0xz  T_23.5, 4;
    %load/vec4 v0x5860e8974e20_0;
    %addi 1, 0, 32;
    %store/vec4 v0x5860e8974e20_0, 0, 32;
    %jmp T_23.6;
T_23.5 ;
    %load/vec4 v0x5860e8974d80_0;
    %cmpi/e 2, 0, 32;
    %jmp/0xz  T_23.7, 4;
    %load/vec4 v0x5860e89754e0_0;
    %addi 1, 0, 32;
    %store/vec4 v0x5860e89754e0_0, 0, 32;
T_23.7 ;
T_23.6 ;
T_23.0 ;
    %jmp T_23;
    .thread T_23;
    .scope S_0x5860e8949c30;
T_24 ;
    %delay 100000, 0;
    %pushi/vec4 1, 0, 1;
    %store/vec4 v0x5860e8975440_0, 0, 1;
    %pushi/vec4 1024, 0, 16;
    %force/vec4 v0x5860e89724d0_0;
    %pushi/vec4 100000, 0, 32;
T_24.0 %dup/vec4;
    %pushi/vec4 0, 0, 32;
    %cmp/s;
    %jmp/1xz T_24.1, 5;
    %jmp/1 T_24.1, 4;
    %pushi/vec4 1, 0, 32;
    %sub;
    %wait E_0x5860e89682c0;
    %jmp T_24.0;
T_24.1 ;
    %pop/vec4 1;
    %release/net v0x5860e89724d0_0, 0, 16;
    %pushi/vec4 2600000, 0, 32;
T_24.2 %dup/vec4;
    %pushi/vec4 0, 0, 32;
    %cmp/s;
    %jmp/1xz T_24.3, 5;
    %jmp/1 T_24.3, 4;
    %pushi/vec4 1, 0, 32;
    %sub;
    %wait E_0x5860e89682c0;
    %jmp T_24.2;
T_24.3 ;
    %pop/vec4 1;
    %load/vec4 v0x5860e8975040_0;
    %cmpi/s 500, 0, 32;
    %jmp/0xz  T_24.4, 5;
    %vpi_call/w 3 72 "$fatal", 32'sb00000000000000000000000000000001, "VGA horizontal sync did not run" {0 0 0};
T_24.4 ;
    %load/vec4 v0x5860e8975800_0;
    %cmpi/s 1, 0, 32;
    %jmp/0xz  T_24.6, 5;
    %vpi_call/w 3 74 "$fatal", 32'sb00000000000000000000000000000001, "VGA vertical sync did not run" {0 0 0};
T_24.6 ;
    %load/vec4 v0x5860e89758c0_0;
    %cmpi/e 0, 0, 32;
    %jmp/0xz  T_24.8, 4;
    %vpi_call/w 3 76 "$fatal", 32'sb00000000000000000000000000000001, "frame remained black" {0 0 0};
T_24.8 ;
    %load/vec4 v0x5860e89754e0_0;
    %cmpi/e 0, 0, 32;
    %jmp/0xz  T_24.10, 4;
    %vpi_call/w 3 78 "$fatal", 32'sb00000000000000000000000000000001, "keyboard glyph was not visible in the settled frame" {0 0 0};
T_24.10 ;
    %vpi_call/w 3 80 "$display", "PASS: hsync=%0d vsync=%0d frame1_white=%0d frame2_white=%0d", v0x5860e8975040_0, v0x5860e8975800_0, v0x5860e8974e20_0, v0x5860e89754e0_0 {0 0 0};
    %vpi_call/w 3 83 "$finish" {0 0 0};
    %end;
    .thread T_24;
# The file index is used to find the file name in the following table.
:file_names 13;
    "N/A";
    "<interactive>";
    "-";
    "simulation/tb_video.v";
    "src/top.v";
    "src/cpu/cpu.v";
    "src/video/display.v";
    "src/system/ps2_decoder.v";
    "src/system/ps2_receiver.v";
    "src/memory/memory.v";
    "src/system/freq_div.v";
    "src/video/vga_renderer.v";
    "src/video/vga_timing.v";
