Analysis & Synthesis report for top
Tue Jul 28 01:18:47 2026
Quartus Prime Version 25.1std.0 Build 1129 10/21/2025 SC Lite Edition


---------------------
; Table of Contents ;
---------------------
  1. Legal Notice
  2. Analysis & Synthesis Summary
  3. Analysis & Synthesis Settings
  4. Parallel Compilation
  5. Analysis & Synthesis Source Files Read
  6. Analysis & Synthesis Resource Usage Summary
  7. Analysis & Synthesis Resource Utilization by Entity
  8. State Machine - |top|chip8_cpu:cpu|state
  9. Registers Removed During Synthesis
 10. General Register Statistics
 11. Inverted Register Statistics
 12. Multiplexer Restructuring Statistics (Restructuring Performed)
 13. Parameter Settings for Inferred Entity Instance: vga_renderer:renderer|lpm_divide:Div1
 14. Parameter Settings for Inferred Entity Instance: vga_renderer:renderer|lpm_divide:Div0
 15. Port Connectivity Checks: "chip8_memory:memory"
 16. Post-Synthesis Netlist Statistics for Top Partition
 17. Elapsed Time Per Partition
 18. Analysis & Synthesis Messages
 19. Analysis & Synthesis Suppressed Messages



----------------
; Legal Notice ;
----------------
Copyright (C) 2025  Altera Corporation. All rights reserved.
Your use of Altera Corporation's design tools, logic functions 
and other software and tools, and any partner logic 
functions, and any output files from any of the foregoing 
(including device programming or simulation files), and any 
associated documentation or information are expressly subject 
to the terms and conditions of the Altera Program License 
Subscription Agreement, the Altera Quartus Prime License Agreement,
the Altera IP License Agreement, or other applicable license
agreement, including, without limitation, that your use is for
the sole purpose of programming logic devices manufactured by
Altera and sold by Altera or its authorized distributors.  Please
refer to the Altera Software License Subscription Agreements 
on the Quartus Prime software download page.



+--------------------------------------------------------------------------------------+
; Analysis & Synthesis Summary                                                         ;
+------------------------------------+-------------------------------------------------+
; Analysis & Synthesis Status        ; Successful - Tue Jul 28 01:18:47 2026           ;
; Quartus Prime Version              ; 25.1std.0 Build 1129 10/21/2025 SC Lite Edition ;
; Revision Name                      ; top                                             ;
; Top-level Entity Name              ; top                                             ;
; Family                             ; Cyclone IV E                                    ;
; Total logic elements               ; 19,004                                          ;
;     Total combinational functions  ; 18,697                                          ;
;     Dedicated logic registers      ; 2,541                                           ;
; Total registers                    ; 2541                                            ;
; Total pins                         ; 8                                               ;
; Total virtual pins                 ; 0                                               ;
; Total memory bits                  ; 0                                               ;
; Embedded Multiplier 9-bit elements ; 0                                               ;
; Total PLLs                         ; 0                                               ;
+------------------------------------+-------------------------------------------------+


+------------------------------------------------------------------------------------------------------------+
; Analysis & Synthesis Settings                                                                              ;
+------------------------------------------------------------------+--------------------+--------------------+
; Option                                                           ; Setting            ; Default Value      ;
+------------------------------------------------------------------+--------------------+--------------------+
; Device                                                           ; EP4CE22F17C6       ;                    ;
; Top-level entity name                                            ; top                ; top                ;
; Family name                                                      ; Cyclone IV E       ; Cyclone V          ;
; Type of Retiming Performed During Resynthesis                    ; Full               ;                    ;
; Resynthesis Optimization Effort                                  ; Normal             ;                    ;
; Physical Synthesis Level for Resynthesis                         ; Normal             ;                    ;
; Use Generated Physical Constraints File                          ; On                 ;                    ;
; Use smart compilation                                            ; Off                ; Off                ;
; Enable parallel Assembler and Timing Analyzer during compilation ; On                 ; On                 ;
; Enable compact report table                                      ; Off                ; Off                ;
; Restructure Multiplexers                                         ; Auto               ; Auto               ;
; Create Debugging Nodes for IP Cores                              ; Off                ; Off                ;
; Preserve fewer node names                                        ; On                 ; On                 ;
; Intel FPGA IP Evaluation Mode                                    ; Enable             ; Enable             ;
; Verilog Version                                                  ; Verilog_2001       ; Verilog_2001       ;
; VHDL Version                                                     ; VHDL_1993          ; VHDL_1993          ;
; State Machine Processing                                         ; Auto               ; Auto               ;
; Safe State Machine                                               ; Off                ; Off                ;
; Extract Verilog State Machines                                   ; On                 ; On                 ;
; Extract VHDL State Machines                                      ; On                 ; On                 ;
; Ignore Verilog initial constructs                                ; Off                ; Off                ;
; Iteration limit for constant Verilog loops                       ; 5000               ; 5000               ;
; Iteration limit for non-constant Verilog loops                   ; 250                ; 250                ;
; Add Pass-Through Logic to Inferred RAMs                          ; On                 ; On                 ;
; Infer RAMs from Raw Logic                                        ; On                 ; On                 ;
; Parallel Synthesis                                               ; On                 ; On                 ;
; DSP Block Balancing                                              ; Auto               ; Auto               ;
; NOT Gate Push-Back                                               ; On                 ; On                 ;
; Power-Up Don't Care                                              ; On                 ; On                 ;
; Remove Redundant Logic Cells                                     ; Off                ; Off                ;
; Remove Duplicate Registers                                       ; On                 ; On                 ;
; Ignore CARRY Buffers                                             ; Off                ; Off                ;
; Ignore CASCADE Buffers                                           ; Off                ; Off                ;
; Ignore GLOBAL Buffers                                            ; Off                ; Off                ;
; Ignore ROW GLOBAL Buffers                                        ; Off                ; Off                ;
; Ignore LCELL Buffers                                             ; Off                ; Off                ;
; Ignore SOFT Buffers                                              ; On                 ; On                 ;
; Limit AHDL Integers to 32 Bits                                   ; Off                ; Off                ;
; Optimization Technique                                           ; Balanced           ; Balanced           ;
; Carry Chain Length                                               ; 70                 ; 70                 ;
; Auto Carry Chains                                                ; On                 ; On                 ;
; Auto Open-Drain Pins                                             ; On                 ; On                 ;
; Perform WYSIWYG Primitive Resynthesis                            ; Off                ; Off                ;
; Auto ROM Replacement                                             ; On                 ; On                 ;
; Auto RAM Replacement                                             ; On                 ; On                 ;
; Auto DSP Block Replacement                                       ; On                 ; On                 ;
; Auto Shift Register Replacement                                  ; Auto               ; Auto               ;
; Allow Shift Register Merging across Hierarchies                  ; Auto               ; Auto               ;
; Auto Clock Enable Replacement                                    ; On                 ; On                 ;
; Strict RAM Replacement                                           ; Off                ; Off                ;
; Allow Synchronous Control Signals                                ; On                 ; On                 ;
; Force Use of Synchronous Clear Signals                           ; Off                ; Off                ;
; Auto RAM Block Balancing                                         ; On                 ; On                 ;
; Auto RAM to Logic Cell Conversion                                ; Off                ; Off                ;
; Auto Resource Sharing                                            ; Off                ; Off                ;
; Allow Any RAM Size For Recognition                               ; Off                ; Off                ;
; Allow Any ROM Size For Recognition                               ; Off                ; Off                ;
; Allow Any Shift Register Size For Recognition                    ; Off                ; Off                ;
; Use LogicLock Constraints during Resource Balancing              ; On                 ; On                 ;
; Ignore translate_off and synthesis_off directives                ; Off                ; Off                ;
; Timing-Driven Synthesis                                          ; On                 ; On                 ;
; Report Parameter Settings                                        ; On                 ; On                 ;
; Report Source Assignments                                        ; On                 ; On                 ;
; Report Connectivity Checks                                       ; On                 ; On                 ;
; Ignore Maximum Fan-Out Assignments                               ; Off                ; Off                ;
; Synchronization Register Chain Length                            ; 2                  ; 2                  ;
; Power Optimization During Synthesis                              ; Normal compilation ; Normal compilation ;
; HDL message level                                                ; Level2             ; Level2             ;
; Suppress Register Optimization Related Messages                  ; Off                ; Off                ;
; Number of Removed Registers Reported in Synthesis Report         ; 5000               ; 5000               ;
; Number of Swept Nodes Reported in Synthesis Report               ; 5000               ; 5000               ;
; Number of Inverted Registers Reported in Synthesis Report        ; 100                ; 100                ;
; Clock MUX Protection                                             ; On                 ; On                 ;
; Auto Gated Clock Conversion                                      ; Off                ; Off                ;
; Block Design Naming                                              ; Auto               ; Auto               ;
; SDC constraint protection                                        ; Off                ; Off                ;
; Synthesis Effort                                                 ; Auto               ; Auto               ;
; Shift Register Replacement - Allow Asynchronous Clear Signal     ; On                 ; On                 ;
; Pre-Mapping Resynthesis Optimization                             ; Off                ; Off                ;
; Analysis & Synthesis Message Level                               ; Medium             ; Medium             ;
; Disable Register Merging Across Hierarchies                      ; Auto               ; Auto               ;
; Resource Aware Inference For Block RAM                           ; On                 ; On                 ;
+------------------------------------------------------------------+--------------------+--------------------+


+------------------------------------------+
; Parallel Compilation                     ;
+----------------------------+-------------+
; Processors                 ; Number      ;
+----------------------------+-------------+
; Number detected on machine ; 12          ;
; Maximum allowed            ; 12          ;
;                            ;             ;
; Average used               ; 1.01        ;
; Maximum used               ; 12          ;
;                            ;             ;
; Usage by Processor         ; % Time Used ;
;     Processor 1            ; 100.0%      ;
;     Processor 2            ;   0.1%      ;
;     Processor 3            ;   0.1%      ;
;     Processor 4            ;   0.1%      ;
;     Processor 5            ;   0.1%      ;
;     Processor 6            ;   0.1%      ;
;     Processor 7            ;   0.1%      ;
;     Processor 8            ;   0.1%      ;
;     Processors 9-12        ;   0.1%      ;
+----------------------------+-------------+


+----------------------------------------------------------------------------------------------------------------------------------------------------------------------------+
; Analysis & Synthesis Source Files Read                                                                                                                                     ;
+----------------------------------+-----------------+------------------------------+------------------------------------------------------------------------------+---------+
; File Name with User-Entered Path ; Used in Netlist ; File Type                    ; File Name with Absolute Path                                                 ; Library ;
+----------------------------------+-----------------+------------------------------+------------------------------------------------------------------------------+---------+
; src/top.v                        ; yes             ; User Verilog HDL File        ; /home/akshat/projects/chip8_vga/src/top.v                                    ;         ;
; src/cpu/cpu.v                    ; yes             ; User Verilog HDL File        ; /home/akshat/projects/chip8_vga/src/cpu/cpu.v                                ;         ;
; src/memory/memory.v              ; yes             ; User Verilog HDL File        ; /home/akshat/projects/chip8_vga/src/memory/memory.v                          ;         ;
; src/system/freq_div.v            ; yes             ; User Verilog HDL File        ; /home/akshat/projects/chip8_vga/src/system/freq_div.v                        ;         ;
; src/video/display.v              ; yes             ; User Verilog HDL File        ; /home/akshat/projects/chip8_vga/src/video/display.v                          ;         ;
; src/video/vga_renderer.v         ; yes             ; User Verilog HDL File        ; /home/akshat/projects/chip8_vga/src/video/vga_renderer.v                     ;         ;
; src/video/vga_timing.v           ; yes             ; User Verilog HDL File        ; /home/akshat/projects/chip8_vga/src/video/vga_timing.v                       ;         ;
; lpm_divide.tdf                   ; yes             ; Megafunction                 ; /opt/altera_lite/25.1std/quartus/libraries/megafunctions/lpm_divide.tdf      ;         ;
; abs_divider.inc                  ; yes             ; Megafunction                 ; /opt/altera_lite/25.1std/quartus/libraries/megafunctions/abs_divider.inc     ;         ;
; sign_div_unsign.inc              ; yes             ; Megafunction                 ; /opt/altera_lite/25.1std/quartus/libraries/megafunctions/sign_div_unsign.inc ;         ;
; aglobal251.inc                   ; yes             ; Megafunction                 ; /opt/altera_lite/25.1std/quartus/libraries/megafunctions/aglobal251.inc      ;         ;
; db/lpm_divide_0jm.tdf            ; yes             ; Auto-Generated Megafunction  ; /home/akshat/projects/chip8_vga/db/lpm_divide_0jm.tdf                        ;         ;
; db/sign_div_unsign_olh.tdf       ; yes             ; Auto-Generated Megafunction  ; /home/akshat/projects/chip8_vga/db/sign_div_unsign_olh.tdf                   ;         ;
; db/alt_u_div_47f.tdf             ; yes             ; Auto-Generated Megafunction  ; /home/akshat/projects/chip8_vga/db/alt_u_div_47f.tdf                         ;         ;
; db/add_sub_7pc.tdf               ; yes             ; Auto-Generated Megafunction  ; /home/akshat/projects/chip8_vga/db/add_sub_7pc.tdf                           ;         ;
; db/add_sub_8pc.tdf               ; yes             ; Auto-Generated Megafunction  ; /home/akshat/projects/chip8_vga/db/add_sub_8pc.tdf                           ;         ;
; db/lpm_divide_sim.tdf            ; yes             ; Auto-Generated Megafunction  ; /home/akshat/projects/chip8_vga/db/lpm_divide_sim.tdf                        ;         ;
; db/sign_div_unsign_klh.tdf       ; yes             ; Auto-Generated Megafunction  ; /home/akshat/projects/chip8_vga/db/sign_div_unsign_klh.tdf                   ;         ;
; db/alt_u_div_s6f.tdf             ; yes             ; Auto-Generated Megafunction  ; /home/akshat/projects/chip8_vga/db/alt_u_div_s6f.tdf                         ;         ;
+----------------------------------+-----------------+------------------------------+------------------------------------------------------------------------------+---------+


+--------------------------------------------------------------------------+
; Analysis & Synthesis Resource Usage Summary                              ;
+---------------------------------------------+----------------------------+
; Resource                                    ; Usage                      ;
+---------------------------------------------+----------------------------+
; Estimated Total logic elements              ; 19,004                     ;
;                                             ;                            ;
; Total combinational functions               ; 18697                      ;
; Logic element usage by number of LUT inputs ;                            ;
;     -- 4 input functions                    ; 14784                      ;
;     -- 3 input functions                    ; 2816                       ;
;     -- <=2 input functions                  ; 1097                       ;
;                                             ;                            ;
; Logic elements by mode                      ;                            ;
;     -- normal mode                          ; 18449                      ;
;     -- arithmetic mode                      ; 248                        ;
;                                             ;                            ;
; Total registers                             ; 2541                       ;
;     -- Dedicated logic registers            ; 2541                       ;
;     -- I/O registers                        ; 0                          ;
;                                             ;                            ;
; I/O pins                                    ; 8                          ;
;                                             ;                            ;
; Embedded Multiplier 9-bit elements          ; 0                          ;
;                                             ;                            ;
; Maximum fan-out node                        ; chip8_cpu:cpu|display_x[0] ;
; Maximum fan-out                             ; 2596                       ;
; Total fan-out                               ; 80974                      ;
; Average fan-out                             ; 3.81                       ;
+---------------------------------------------+----------------------------+


+----------------------------------------------------------------------------------------------------------------------------------------------------------------------------------------------------------------------------------------------------------------------------------------------------------------------------------------+
; Analysis & Synthesis Resource Utilization by Entity                                                                                                                                                                                                                                                                                    ;
+-------------------------------------------+---------------------+---------------------------+-------------+--------------+---------+-----------+------+--------------+----------------------------------------------------------------------------------------------------------------------------+---------------------+--------------+
; Compilation Hierarchy Node                ; Combinational ALUTs ; Dedicated Logic Registers ; Memory Bits ; DSP Elements ; DSP 9x9 ; DSP 18x18 ; Pins ; Virtual Pins ; Full Hierarchy Name                                                                                                        ; Entity Name         ; Library Name ;
+-------------------------------------------+---------------------+---------------------------+-------------+--------------+---------+-----------+------+--------------+----------------------------------------------------------------------------------------------------------------------------+---------------------+--------------+
; |top                                      ; 18697 (0)           ; 2541 (0)                  ; 0           ; 0            ; 0       ; 0         ; 8    ; 0            ; |top                                                                                                                       ; top                 ; work         ;
;    |chip8_cpu:cpu|                        ; 1156 (1156)         ; 466 (466)                 ; 0           ; 0            ; 0       ; 0         ; 0    ; 0            ; |top|chip8_cpu:cpu                                                                                                         ; chip8_cpu           ; work         ;
;    |chip8_memory:memory|                  ; 19 (19)             ; 0 (0)                     ; 0           ; 0            ; 0       ; 0         ; 0    ; 0            ; |top|chip8_memory:memory                                                                                                   ; chip8_memory        ; work         ;
;    |display:framebuffer|                  ; 17274 (17274)       ; 2049 (2049)               ; 0           ; 0            ; 0       ; 0         ; 0    ; 0            ; |top|display:framebuffer                                                                                                   ; display             ; work         ;
;    |freq_div:pixel_enable|                ; 1 (1)               ; 1 (1)                     ; 0           ; 0            ; 0       ; 0         ; 0    ; 0            ; |top|freq_div:pixel_enable                                                                                                 ; freq_div            ; work         ;
;    |vga_renderer:renderer|                ; 208 (18)            ; 3 (3)                     ; 0           ; 0            ; 0       ; 0         ; 0    ; 0            ; |top|vga_renderer:renderer                                                                                                 ; vga_renderer        ; work         ;
;       |lpm_divide:Div0|                   ; 82 (0)              ; 0 (0)                     ; 0           ; 0            ; 0       ; 0         ; 0    ; 0            ; |top|vga_renderer:renderer|lpm_divide:Div0                                                                                 ; lpm_divide          ; work         ;
;          |lpm_divide_sim:auto_generated|  ; 82 (0)              ; 0 (0)                     ; 0           ; 0            ; 0       ; 0         ; 0    ; 0            ; |top|vga_renderer:renderer|lpm_divide:Div0|lpm_divide_sim:auto_generated                                                   ; lpm_divide_sim      ; work         ;
;             |sign_div_unsign_klh:divider| ; 82 (0)              ; 0 (0)                     ; 0           ; 0            ; 0       ; 0         ; 0    ; 0            ; |top|vga_renderer:renderer|lpm_divide:Div0|lpm_divide_sim:auto_generated|sign_div_unsign_klh:divider                       ; sign_div_unsign_klh ; work         ;
;                |alt_u_div_s6f:divider|    ; 82 (82)             ; 0 (0)                     ; 0           ; 0            ; 0       ; 0         ; 0    ; 0            ; |top|vga_renderer:renderer|lpm_divide:Div0|lpm_divide_sim:auto_generated|sign_div_unsign_klh:divider|alt_u_div_s6f:divider ; alt_u_div_s6f       ; work         ;
;       |lpm_divide:Div1|                   ; 108 (0)             ; 0 (0)                     ; 0           ; 0            ; 0       ; 0         ; 0    ; 0            ; |top|vga_renderer:renderer|lpm_divide:Div1                                                                                 ; lpm_divide          ; work         ;
;          |lpm_divide_0jm:auto_generated|  ; 108 (0)             ; 0 (0)                     ; 0           ; 0            ; 0       ; 0         ; 0    ; 0            ; |top|vga_renderer:renderer|lpm_divide:Div1|lpm_divide_0jm:auto_generated                                                   ; lpm_divide_0jm      ; work         ;
;             |sign_div_unsign_olh:divider| ; 108 (0)             ; 0 (0)                     ; 0           ; 0            ; 0       ; 0         ; 0    ; 0            ; |top|vga_renderer:renderer|lpm_divide:Div1|lpm_divide_0jm:auto_generated|sign_div_unsign_olh:divider                       ; sign_div_unsign_olh ; work         ;
;                |alt_u_div_47f:divider|    ; 108 (108)           ; 0 (0)                     ; 0           ; 0            ; 0       ; 0         ; 0    ; 0            ; |top|vga_renderer:renderer|lpm_divide:Div1|lpm_divide_0jm:auto_generated|sign_div_unsign_olh:divider|alt_u_div_47f:divider ; alt_u_div_47f       ; work         ;
;    |vga_timing:timing|                    ; 39 (39)             ; 22 (22)                   ; 0           ; 0            ; 0       ; 0         ; 0    ; 0            ; |top|vga_timing:timing                                                                                                     ; vga_timing          ; work         ;
+-------------------------------------------+---------------------+---------------------------+-------------+--------------+---------+-----------+------+--------------+----------------------------------------------------------------------------------------------------------------------------+---------------------+--------------+
Note: For table entries with two numbers listed, the numbers in parentheses indicate the number of resources of the given type used by the specific entity alone. The numbers listed outside of parentheses indicate the total resources of the given type used by the specific entity and all of its sub-entities in the hierarchy.


Encoding Type:  One-Hot
+----------------------------------------------------------------------------------------------------------------------+
; State Machine - |top|chip8_cpu:cpu|state                                                                             ;
+------------------+------------------+-----------------+---------------+------------+----------------+----------------+
; Name             ; state.DRAW_ISSUE ; state.DRAW_READ ; state.EXECUTE ; state.LOAD ; state.FETCH_LO ; state.FETCH_HI ;
+------------------+------------------+-----------------+---------------+------------+----------------+----------------+
; state.FETCH_HI   ; 0                ; 0               ; 0             ; 0          ; 0              ; 0              ;
; state.FETCH_LO   ; 0                ; 0               ; 0             ; 0          ; 1              ; 1              ;
; state.LOAD       ; 0                ; 0               ; 0             ; 1          ; 0              ; 1              ;
; state.EXECUTE    ; 0                ; 0               ; 1             ; 0          ; 0              ; 1              ;
; state.DRAW_READ  ; 0                ; 1               ; 0             ; 0          ; 0              ; 1              ;
; state.DRAW_ISSUE ; 1                ; 0               ; 0             ; 0          ; 0              ; 1              ;
+------------------+------------------+-----------------+---------------+------------+----------------+----------------+


+--------------------------------------------------------------------------------+
; Registers Removed During Synthesis                                             ;
+---------------------------------------+----------------------------------------+
; Register name                         ; Reason for Removal                     ;
+---------------------------------------+----------------------------------------+
; chip8_cpu:cpu|state~4                 ; Lost fanout                            ;
; chip8_cpu:cpu|state~5                 ; Lost fanout                            ;
; chip8_cpu:cpu|state~6                 ; Lost fanout                            ;
; chip8_cpu:cpu|state.DRAW_ISSUE        ; Merged with chip8_cpu:cpu|display_draw ;
; Total Number of Removed Registers = 4 ;                                        ;
+---------------------------------------+----------------------------------------+


+------------------------------------------------------+
; General Register Statistics                          ;
+----------------------------------------------+-------+
; Statistic                                    ; Value ;
+----------------------------------------------+-------+
; Total registers                              ; 2541  ;
; Number of registers using Synchronous Clear  ; 2056  ;
; Number of registers using Synchronous Load   ; 60    ;
; Number of registers using Asynchronous Clear ; 2522  ;
; Number of registers using Asynchronous Load  ; 0     ;
; Number of registers using Clock Enable       ; 1479  ;
; Number of registers using Preset             ; 0     ;
+----------------------------------------------+-------+


+--------------------------------------------------+
; Inverted Register Statistics                     ;
+----------------------------------------+---------+
; Inverted Register                      ; Fan out ;
+----------------------------------------+---------+
; vga_timing:timing|hsync                ; 1       ;
; vga_timing:timing|vsync                ; 1       ;
; chip8_cpu:cpu|mem_addr[9]              ; 7       ;
; chip8_cpu:cpu|pc[9]                    ; 25      ;
; Total number of inverted registers = 4 ;         ;
+----------------------------------------+---------+


+-------------------------------------------------------------------------------------------------------------------------------------------------+
; Multiplexer Restructuring Statistics (Restructuring Performed)                                                                                  ;
+--------------------+-----------+---------------+----------------------+------------------------+------------+-----------------------------------+
; Multiplexer Inputs ; Bus Width ; Baseline Area ; Area if Restructured ; Saving if Restructured ; Registered ; Example Multiplexer Output        ;
+--------------------+-----------+---------------+----------------------+------------------------+------------+-----------------------------------+
; 3:1                ; 8 bits    ; 16 LEs        ; 8 LEs                ; 8 LEs                  ; Yes        ; |top|chip8_cpu:cpu|delay_timer[6] ;
; 5:1                ; 4 bits    ; 12 LEs        ; 4 LEs                ; 8 LEs                  ; Yes        ; |top|chip8_cpu:cpu|draw_row[3]    ;
; 17:1               ; 3 bits    ; 33 LEs        ; 3 LEs                ; 30 LEs                 ; Yes        ; |top|chip8_cpu:cpu|sp[2]          ;
; 11:1               ; 12 bits   ; 84 LEs        ; 12 LEs               ; 72 LEs                 ; Yes        ; |top|chip8_cpu:cpu|I[4]           ;
; 21:1               ; 10 bits   ; 140 LEs       ; 30 LEs               ; 110 LEs                ; Yes        ; |top|chip8_cpu:cpu|pc[8]          ;
; 24:1               ; 10 bits   ; 160 LEs       ; 50 LEs               ; 110 LEs                ; Yes        ; |top|chip8_cpu:cpu|mem_addr[11]   ;
; 43:1               ; 6 bits    ; 168 LEs       ; 48 LEs               ; 120 LEs                ; Yes        ; |top|chip8_cpu:cpu|V[14][1]       ;
; 43:1               ; 6 bits    ; 168 LEs       ; 48 LEs               ; 120 LEs                ; Yes        ; |top|chip8_cpu:cpu|V[13][3]       ;
; 43:1               ; 6 bits    ; 168 LEs       ; 48 LEs               ; 120 LEs                ; Yes        ; |top|chip8_cpu:cpu|V[12][5]       ;
; 43:1               ; 6 bits    ; 168 LEs       ; 48 LEs               ; 120 LEs                ; Yes        ; |top|chip8_cpu:cpu|V[11][5]       ;
; 43:1               ; 6 bits    ; 168 LEs       ; 48 LEs               ; 120 LEs                ; Yes        ; |top|chip8_cpu:cpu|V[10][3]       ;
; 43:1               ; 6 bits    ; 168 LEs       ; 48 LEs               ; 120 LEs                ; Yes        ; |top|chip8_cpu:cpu|V[9][3]        ;
; 43:1               ; 6 bits    ; 168 LEs       ; 48 LEs               ; 120 LEs                ; Yes        ; |top|chip8_cpu:cpu|V[8][2]        ;
; 43:1               ; 6 bits    ; 168 LEs       ; 48 LEs               ; 120 LEs                ; Yes        ; |top|chip8_cpu:cpu|V[7][5]        ;
; 43:1               ; 6 bits    ; 168 LEs       ; 48 LEs               ; 120 LEs                ; Yes        ; |top|chip8_cpu:cpu|V[6][3]        ;
; 43:1               ; 6 bits    ; 168 LEs       ; 48 LEs               ; 120 LEs                ; Yes        ; |top|chip8_cpu:cpu|V[5][4]        ;
; 43:1               ; 6 bits    ; 168 LEs       ; 48 LEs               ; 120 LEs                ; Yes        ; |top|chip8_cpu:cpu|V[4][4]        ;
; 43:1               ; 6 bits    ; 168 LEs       ; 48 LEs               ; 120 LEs                ; Yes        ; |top|chip8_cpu:cpu|V[3][4]        ;
; 43:1               ; 6 bits    ; 168 LEs       ; 48 LEs               ; 120 LEs                ; Yes        ; |top|chip8_cpu:cpu|V[2][6]        ;
; 43:1               ; 6 bits    ; 168 LEs       ; 48 LEs               ; 120 LEs                ; Yes        ; |top|chip8_cpu:cpu|V[1][2]        ;
; 43:1               ; 6 bits    ; 168 LEs       ; 48 LEs               ; 120 LEs                ; Yes        ; |top|chip8_cpu:cpu|V[0][1]        ;
; 37:1               ; 3 bits    ; 72 LEs        ; 18 LEs               ; 54 LEs                 ; Yes        ; |top|chip8_cpu:cpu|V[15][5]       ;
; 38:1               ; 2 bits    ; 50 LEs        ; 14 LEs               ; 36 LEs                 ; Yes        ; |top|chip8_cpu:cpu|V[15][2]       ;
; 16:1               ; 8 bits    ; 80 LEs        ; 80 LEs               ; 0 LEs                  ; No         ; |top|chip8_cpu:cpu|Mux147         ;
; 16:1               ; 8 bits    ; 80 LEs        ; 80 LEs               ; 0 LEs                  ; No         ; |top|chip8_cpu:cpu|Mux155         ;
; 16:1               ; 12 bits   ; 120 LEs       ; 120 LEs              ; 0 LEs                  ; No         ; |top|chip8_cpu:cpu|Mux0           ;
+--------------------+-----------+---------------+----------------------+------------------------+------------+-----------------------------------+


+----------------------------------------------------------------------------------------+
; Parameter Settings for Inferred Entity Instance: vga_renderer:renderer|lpm_divide:Div1 ;
+------------------------+----------------+----------------------------------------------+
; Parameter Name         ; Value          ; Type                                         ;
+------------------------+----------------+----------------------------------------------+
; LPM_WIDTHN             ; 32             ; Untyped                                      ;
; LPM_WIDTHD             ; 4              ; Untyped                                      ;
; LPM_NREPRESENTATION    ; UNSIGNED       ; Untyped                                      ;
; LPM_DREPRESENTATION    ; UNSIGNED       ; Untyped                                      ;
; LPM_PIPELINE           ; 0              ; Untyped                                      ;
; LPM_REMAINDERPOSITIVE  ; TRUE           ; Untyped                                      ;
; MAXIMIZE_SPEED         ; 5              ; Untyped                                      ;
; CBXI_PARAMETER         ; lpm_divide_0jm ; Untyped                                      ;
; CARRY_CHAIN            ; MANUAL         ; Untyped                                      ;
; OPTIMIZE_FOR_SPEED     ; 5              ; Untyped                                      ;
; AUTO_CARRY_CHAINS      ; ON             ; AUTO_CARRY                                   ;
; IGNORE_CARRY_BUFFERS   ; OFF            ; IGNORE_CARRY                                 ;
; AUTO_CASCADE_CHAINS    ; ON             ; AUTO_CASCADE                                 ;
; IGNORE_CASCADE_BUFFERS ; OFF            ; IGNORE_CASCADE                               ;
+------------------------+----------------+----------------------------------------------+
Note: In order to hide this table in the UI and the text report file, please set the "Show Parameter Settings in Synthesis Report" option in "Analysis and Synthesis Settings -> More Settings" to "Off".


+----------------------------------------------------------------------------------------+
; Parameter Settings for Inferred Entity Instance: vga_renderer:renderer|lpm_divide:Div0 ;
+------------------------+----------------+----------------------------------------------+
; Parameter Name         ; Value          ; Type                                         ;
+------------------------+----------------+----------------------------------------------+
; LPM_WIDTHN             ; 10             ; Untyped                                      ;
; LPM_WIDTHD             ; 4              ; Untyped                                      ;
; LPM_NREPRESENTATION    ; UNSIGNED       ; Untyped                                      ;
; LPM_DREPRESENTATION    ; UNSIGNED       ; Untyped                                      ;
; LPM_PIPELINE           ; 0              ; Untyped                                      ;
; LPM_REMAINDERPOSITIVE  ; TRUE           ; Untyped                                      ;
; MAXIMIZE_SPEED         ; 5              ; Untyped                                      ;
; CBXI_PARAMETER         ; lpm_divide_sim ; Untyped                                      ;
; CARRY_CHAIN            ; MANUAL         ; Untyped                                      ;
; OPTIMIZE_FOR_SPEED     ; 5              ; Untyped                                      ;
; AUTO_CARRY_CHAINS      ; ON             ; AUTO_CARRY                                   ;
; IGNORE_CARRY_BUFFERS   ; OFF            ; IGNORE_CARRY                                 ;
; AUTO_CASCADE_CHAINS    ; ON             ; AUTO_CASCADE                                 ;
; IGNORE_CASCADE_BUFFERS ; OFF            ; IGNORE_CASCADE                               ;
+------------------------+----------------+----------------------------------------------+
Note: In order to hide this table in the UI and the text report file, please set the "Show Parameter Settings in Synthesis Report" option in "Analysis and Synthesis Settings -> More Settings" to "Off".


+-------------------------------------------------+
; Port Connectivity Checks: "chip8_memory:memory" ;
+--------------+-------+----------+---------------+
; Port         ; Type  ; Severity ; Details       ;
+--------------+-------+----------+---------------+
; write_enable ; Input ; Info     ; Stuck at GND  ;
; write_addr   ; Input ; Info     ; Stuck at GND  ;
; write_data   ; Input ; Info     ; Stuck at GND  ;
+--------------+-------+----------+---------------+


+-----------------------------------------------------+
; Post-Synthesis Netlist Statistics for Top Partition ;
+-----------------------+-----------------------------+
; Type                  ; Count                       ;
+-----------------------+-----------------------------+
; boundary_port         ; 8                           ;
; cycloneiii_ff         ; 2541                        ;
;     CLR               ; 37                          ;
;     CLR SCLR          ; 1025                        ;
;     ENA               ; 19                          ;
;     ENA CLR           ; 369                         ;
;     ENA CLR SCLR      ; 1031                        ;
;     ENA CLR SLD       ; 60                          ;
; cycloneiii_lcell_comb ; 18699                       ;
;     arith             ; 248                         ;
;         1 data inputs ; 1                           ;
;         2 data inputs ; 124                         ;
;         3 data inputs ; 123                         ;
;     normal            ; 18451                       ;
;         0 data inputs ; 24                          ;
;         1 data inputs ; 30                          ;
;         2 data inputs ; 920                         ;
;         3 data inputs ; 2693                        ;
;         4 data inputs ; 14784                       ;
;                       ;                             ;
; Max LUT depth         ; 33.10                       ;
; Average LUT depth     ; 15.38                       ;
+-----------------------+-----------------------------+


+-------------------------------+
; Elapsed Time Per Partition    ;
+----------------+--------------+
; Partition Name ; Elapsed Time ;
+----------------+--------------+
; Top            ; 00:01:56     ;
+----------------+--------------+


+-------------------------------+
; Analysis & Synthesis Messages ;
+-------------------------------+
Info: *******************************************************************
Info: Running Quartus Prime Analysis & Synthesis
    Info: Version 25.1std.0 Build 1129 10/21/2025 SC Lite Edition
    Info: Processing started: Tue Jul 28 01:16:39 2026
Info: Command: quartus_map --read_settings_files=on --write_settings_files=off chip8 -c top
Warning (18236): Number of processors has not been specified which may cause overloading on shared machines.  Set the global assignment NUM_PARALLEL_PROCESSORS in your QSF to an appropriate value for best performance.
Info (20030): Parallel compilation is enabled and will use 12 of the 12 processors detected
Info (12021): Found 1 design units, including 1 entities, in source file src/top.v
    Info (12023): Found entity 1: top File: /home/akshat/projects/chip8_vga/src/top.v Line: 3
Info (12021): Found 1 design units, including 1 entities, in source file src/cpu/cpu.v
    Info (12023): Found entity 1: chip8_cpu File: /home/akshat/projects/chip8_vga/src/cpu/cpu.v Line: 1
Info (12021): Found 1 design units, including 1 entities, in source file src/memory/memory.v
    Info (12023): Found entity 1: chip8_memory File: /home/akshat/projects/chip8_vga/src/memory/memory.v Line: 14
Info (12021): Found 1 design units, including 1 entities, in source file src/system/freq_div.v
    Info (12023): Found entity 1: freq_div File: /home/akshat/projects/chip8_vga/src/system/freq_div.v Line: 1
Info (12021): Found 1 design units, including 1 entities, in source file src/video/display.v
    Info (12023): Found entity 1: display File: /home/akshat/projects/chip8_vga/src/video/display.v Line: 1
Info (12021): Found 1 design units, including 1 entities, in source file src/video/vga_renderer.v
    Info (12023): Found entity 1: vga_renderer File: /home/akshat/projects/chip8_vga/src/video/vga_renderer.v Line: 1
Info (12021): Found 1 design units, including 1 entities, in source file src/video/vga_timing.v
    Info (12023): Found entity 1: vga_timing File: /home/akshat/projects/chip8_vga/src/video/vga_timing.v Line: 32
Info (12127): Elaborating entity "top" for the top level hierarchy
Info (12128): Elaborating entity "freq_div" for hierarchy "freq_div:pixel_enable" File: /home/akshat/projects/chip8_vga/src/top.v Line: 43
Info (12128): Elaborating entity "vga_timing" for hierarchy "vga_timing:timing" File: /home/akshat/projects/chip8_vga/src/top.v Line: 56
Warning (10230): Verilog HDL assignment warning at vga_timing.v(82): truncated value with size 32 to match size of target (10) File: /home/akshat/projects/chip8_vga/src/video/vga_timing.v Line: 82
Warning (10230): Verilog HDL assignment warning at vga_timing.v(85): truncated value with size 32 to match size of target (10) File: /home/akshat/projects/chip8_vga/src/video/vga_timing.v Line: 85
Info (12128): Elaborating entity "chip8_cpu" for hierarchy "chip8_cpu:cpu" File: /home/akshat/projects/chip8_vga/src/top.v Line: 70
Warning (10230): Verilog HDL assignment warning at cpu.v(71): truncated value with size 32 to match size of target (20) File: /home/akshat/projects/chip8_vga/src/cpu/cpu.v Line: 71
Warning (10230): Verilog HDL assignment warning at cpu.v(108): truncated value with size 32 to match size of target (8) File: /home/akshat/projects/chip8_vga/src/cpu/cpu.v Line: 108
Warning (10230): Verilog HDL assignment warning at cpu.v(111): truncated value with size 32 to match size of target (8) File: /home/akshat/projects/chip8_vga/src/cpu/cpu.v Line: 111
Warning (10230): Verilog HDL assignment warning at cpu.v(150): truncated value with size 32 to match size of target (4) File: /home/akshat/projects/chip8_vga/src/cpu/cpu.v Line: 150
Warning (10230): Verilog HDL assignment warning at cpu.v(176): truncated value with size 32 to match size of target (4) File: /home/akshat/projects/chip8_vga/src/cpu/cpu.v Line: 176
Warning (10230): Verilog HDL assignment warning at cpu.v(377): truncated value with size 32 to match size of target (4) File: /home/akshat/projects/chip8_vga/src/cpu/cpu.v Line: 377
Warning (10230): Verilog HDL assignment warning at cpu.v(379): truncated value with size 32 to match size of target (12) File: /home/akshat/projects/chip8_vga/src/cpu/cpu.v Line: 379
Warning (10240): Verilog HDL Always Construct warning at cpu.v(77): inferring latch(es) for variable "init_index", which holds its previous value in one or more paths through the always construct File: /home/akshat/projects/chip8_vga/src/cpu/cpu.v Line: 77
Info (12128): Elaborating entity "chip8_memory" for hierarchy "chip8_memory:memory" File: /home/akshat/projects/chip8_vga/src/top.v Line: 79
Info (12128): Elaborating entity "display" for hierarchy "display:framebuffer" File: /home/akshat/projects/chip8_vga/src/top.v Line: 95
Info (12128): Elaborating entity "vga_renderer" for hierarchy "vga_renderer:renderer" File: /home/akshat/projects/chip8_vga/src/top.v Line: 112
Warning (10230): Verilog HDL assignment warning at vga_renderer.v(37): truncated value with size 32 to match size of target (10) File: /home/akshat/projects/chip8_vga/src/video/vga_renderer.v Line: 37
Warning (10230): Verilog HDL assignment warning at vga_renderer.v(38): truncated value with size 32 to match size of target (10) File: /home/akshat/projects/chip8_vga/src/video/vga_renderer.v Line: 38
Info (276014): Found 1 instances of uninferred RAM logic
    Info (276007): RAM logic "chip8_memory:memory|mem" is uninferred due to asynchronous read logic File: /home/akshat/projects/chip8_vga/src/memory/memory.v Line: 29
Info (278001): Inferred 2 megafunctions from design logic
    Info (278004): Inferred divider/modulo megafunction ("lpm_divide") from the following logic: "vga_renderer:renderer|Div1" File: /home/akshat/projects/chip8_vga/src/video/vga_renderer.v Line: 38
    Info (278004): Inferred divider/modulo megafunction ("lpm_divide") from the following logic: "vga_renderer:renderer|Div0" File: /home/akshat/projects/chip8_vga/src/video/vga_renderer.v Line: 37
Info (12130): Elaborated megafunction instantiation "vga_renderer:renderer|lpm_divide:Div1" File: /home/akshat/projects/chip8_vga/src/video/vga_renderer.v Line: 38
Info (12133): Instantiated megafunction "vga_renderer:renderer|lpm_divide:Div1" with the following parameter: File: /home/akshat/projects/chip8_vga/src/video/vga_renderer.v Line: 38
    Info (12134): Parameter "LPM_WIDTHN" = "32"
    Info (12134): Parameter "LPM_WIDTHD" = "4"
    Info (12134): Parameter "LPM_NREPRESENTATION" = "UNSIGNED"
    Info (12134): Parameter "LPM_DREPRESENTATION" = "UNSIGNED"
Info (12021): Found 1 design units, including 1 entities, in source file db/lpm_divide_0jm.tdf
    Info (12023): Found entity 1: lpm_divide_0jm File: /home/akshat/projects/chip8_vga/db/lpm_divide_0jm.tdf Line: 25
Info (12021): Found 1 design units, including 1 entities, in source file db/sign_div_unsign_olh.tdf
    Info (12023): Found entity 1: sign_div_unsign_olh File: /home/akshat/projects/chip8_vga/db/sign_div_unsign_olh.tdf Line: 25
Info (12021): Found 1 design units, including 1 entities, in source file db/alt_u_div_47f.tdf
    Info (12023): Found entity 1: alt_u_div_47f File: /home/akshat/projects/chip8_vga/db/alt_u_div_47f.tdf Line: 27
Info (12021): Found 1 design units, including 1 entities, in source file db/add_sub_7pc.tdf
    Info (12023): Found entity 1: add_sub_7pc File: /home/akshat/projects/chip8_vga/db/add_sub_7pc.tdf Line: 23
Info (12021): Found 1 design units, including 1 entities, in source file db/add_sub_8pc.tdf
    Info (12023): Found entity 1: add_sub_8pc File: /home/akshat/projects/chip8_vga/db/add_sub_8pc.tdf Line: 23
Info (12130): Elaborated megafunction instantiation "vga_renderer:renderer|lpm_divide:Div0" File: /home/akshat/projects/chip8_vga/src/video/vga_renderer.v Line: 37
Info (12133): Instantiated megafunction "vga_renderer:renderer|lpm_divide:Div0" with the following parameter: File: /home/akshat/projects/chip8_vga/src/video/vga_renderer.v Line: 37
    Info (12134): Parameter "LPM_WIDTHN" = "10"
    Info (12134): Parameter "LPM_WIDTHD" = "4"
    Info (12134): Parameter "LPM_NREPRESENTATION" = "UNSIGNED"
    Info (12134): Parameter "LPM_DREPRESENTATION" = "UNSIGNED"
Info (12021): Found 1 design units, including 1 entities, in source file db/lpm_divide_sim.tdf
    Info (12023): Found entity 1: lpm_divide_sim File: /home/akshat/projects/chip8_vga/db/lpm_divide_sim.tdf Line: 25
Info (12021): Found 1 design units, including 1 entities, in source file db/sign_div_unsign_klh.tdf
    Info (12023): Found entity 1: sign_div_unsign_klh File: /home/akshat/projects/chip8_vga/db/sign_div_unsign_klh.tdf Line: 25
Info (12021): Found 1 design units, including 1 entities, in source file db/alt_u_div_s6f.tdf
    Info (12023): Found entity 1: alt_u_div_s6f File: /home/akshat/projects/chip8_vga/db/alt_u_div_s6f.tdf Line: 27
Info (13000): Registers with preset signals will power-up high File: /home/akshat/projects/chip8_vga/src/video/vga_timing.v Line: 42
Info (13003): DEV_CLRn pin will set, and not reset, register with preset signal due to NOT Gate Push-Back
Info (286030): Timing-Driven Synthesis is running
Info (17049): 3 registers lost all their fanouts during netlist optimizations.
Info (144001): Generated suppressed messages file /home/akshat/projects/chip8_vga/output_files/top.map.smsg
Info (16010): Generating hard_block partition "hard_block:auto_generated_inst"
    Info (16011): Adding 0 node(s), including 0 DDIO, 0 PLL, 0 transceiver and 0 LCELL
Info (21057): Implemented 19040 device resources after synthesis - the final resource count might be different
    Info (21058): Implemented 2 input pins
    Info (21059): Implemented 6 output pins
    Info (21061): Implemented 19032 logic cells
Info: Quartus Prime Analysis & Synthesis was successful. 0 errors, 13 warnings
    Info: Peak virtual memory: 620 megabytes
    Info: Processing ended: Tue Jul 28 01:18:47 2026
    Info: Elapsed time: 00:02:08
    Info: Total CPU time (on all processors): 00:02:21


+------------------------------------------+
; Analysis & Synthesis Suppressed Messages ;
+------------------------------------------+
The suppressed messages can be found in /home/akshat/projects/chip8_vga/output_files/top.map.smsg.


